<html>
<body>
<pre>
<h1>µVision Build Log</h1>
<h2>Tool Versions:</h2>
IDE-Version: ¦ÌVision V5.24.2.0
Copyright (C) 2017 ARM Ltd and ARM Germany GmbH. All rights reserved.
License Information: Liao Moon, A, LIC=TIVNB-21MZ2-FWB2N-YH96N-62JWP-2GLZK
 
Tool Versions:
Toolchain:       MDK-ARM Plus  Version: 5.24.1
Toolchain Path:  S:\DevTools\Keil\ARM\ARMCC\Bin
C Compiler:      Armcc.exe V5.06 update 5 (build 528)
Assembler:       Armasm.exe V5.06 update 5 (build 528)
Linker/Locator:  ArmLink.exe V5.06 update 5 (build 528)
Library Manager: ArmAr.exe V5.06 update 5 (build 528)
Hex Converter:   FromElf.exe V5.06 update 5 (build 528)
CPU DLL:         SARMCM3.DLL V5.24.1
Dialog DLL:      DARMSTM.DLL V1.68.0.0
Target DLL:      STLink\ST-LINKIII-KEIL_SWO.dll V3.0.1.0
Dialog DLL:      TARMSTM.DLL V1.66.0.0
 
<h2>Project:</h2>
F:\Project\Stm32\Project\FLY\Software\demo\LN_FXQ.uvprojx
Project File Date:  12/09/2024

<h2>Output:</h2>
*** Using Compiler 'V5.06 update 5 (build 528)', folder: 'S:\DevTools\Keil\ARM\ARMCC\Bin'
Rebuild target 'Target 1'
assembling startup_stm32f10x_md.s...
compiling core_cm3.c...
compiling stm32f10x_it.c...
compiling delay.c...
compiling stm32f10x_cec.c...
compiling system_stm32f10x.c...
compiling misc.c...
compiling sys.c...
compiling stm32f10x_can.c...
compiling stm32f10x_adc.c...
compiling stm32f10x_crc.c...
compiling INIT.c...
compiling main.c...
compiling scheduler.c...
compiling stm32f10x_bkp.c...
compiling stm32f10x_dac.c...
compiling stm32f10x_dbgmcu.c...
compiling stm32f10x_exti.c...
compiling stm32f10x_iwdg.c...
compiling stm32f10x_dma.c...
compiling stm32f10x_fsmc.c...
compiling stm32f10x_pwr.c...
compiling stm32f10x_gpio.c...
compiling stm32f10x_i2c.c...
compiling stm32f10x_flash.c...
compiling stm32f10x_sdio.c...
compiling stm32f10x_rcc.c...
compiling stm32f10x_rtc.c...
compiling stm32f10x_spi.c...
compiling stm32f10x_wwdg.c...
compiling stm32f10x_usart.c...
compiling stm32f10x_tim.c...
compiling USART.c...
compiling IIC_SOFTWARE.c...
compiling GPIO.c...
compiling TIM.c...
compiling ADC.c...
compiling imu.c...
compiling Spi.c...
CONFIG\Spi.c(60): warning:  #177-D: variable "temp"  was declared but never referenced
      u16 temp;
CONFIG\Spi.c: 1 warning, 0 errors
compiling LED.c...
compiling nrf24l01.c...
HARDWARE\nrf24l01.c(260): warning:  #223-D: function "printf" declared implicitly
          printf("NRF24L01 RX Mode\r\n");
HARDWARE\nrf24l01.c: 1 warning, 0 errors
compiling mpu6050.c...
compiling remote.c...
HAL\remote.c(55): warning:  #174-D: expression has no effect
  				
IMIT(Remote.roll,1000,2000);
HAL\remote.c(57): warning:  #174-D: expression has no effect
  				
IMIT(Remote.pitch,1000,2000);
HAL\remote.c(59): warning:  #174-D: expression has no effect
  				
IMIT(Remote.thr,1000,2000);
HAL\remote.c(61): warning:  #174-D: expression has no effect
  				
IMIT(Remote.yaw,1000,2000);
HAL\remote.c(63): warning:  #174-D: expression has no effect
  				
IMIT(Remote.AUX1,1000,2000);
HAL\remote.c(65): warning:  #174-D: expression has no effect
  				
IMIT(Remote.AUX2,1000,2000);
HAL\remote.c(67): warning:  #174-D: expression has no effect
  				
IMIT(Remote.AUX3,1000,2000);
HAL\remote.c(69): warning:  #174-D: expression has no effect
  				
IMIT(Remote.AUX4,1000,2000);	
HAL\remote.c(71): warning:  #174-D: expression has no effect
  				
IMIT(Remote.AUX5,1000,2000);			
HAL\remote.c(73): warning:  #174-D: expression has no effect
  				
IMIT(Remote.AUX6,1000,2000);		 
HAL\remote.c(77): warning:  #177-D: variable "yaw_ratio"  was declared but never referenced
  							const float yaw_ratio =  0.0015f;    
HAL\remote.c: 11 warnings, 0 errors
compiling control.c...
compiling pid.c...
compiling filter.c...
compiling ANO_DT.c...
HAL\ANO_DT.c(81): warning:  #177-D: variable "CMD2"  was declared but never referenced
  				 }CMD2;
HAL\ANO_DT.c: 1 warning, 0 errors
compiling kalman.c...
compiling myMath.c...
linking...
Program Size: Code=15688 RO-data=544 RW-data=244 ZI-data=1636  
FromELF: creating hex file...
".\Output\FJCX.axf" - 0 Error(s), 14 Warning(s).

<h2>Software Packages used:</h2>

Package Vendor: Keil
                http://www.keil.com/pack/Keil.STM32F1xx_DFP.2.2.0.pack
                Keil.STM32F1xx_DFP.2.2.0
                STMicroelectronics STM32F1 Series Device Support, Drivers and Examples

<h2>Collection of Component include folders:</h2>
  .\RTE\_Target_1
  S:\DevTools\Keil\ARM\PACK\Keil\STM32F1xx_DFP\2.2.0\Device\Include

<h2>Collection of Component Files used:</h2>
Build Time Elapsed:  00:00:02
</pre>
</body>
</html>
