Component: ARM Compiler 5.06 update 5 (build 528) Tool: armlink [4d35e2]

==============================================================================

Section Cross References

    main.o(i.TIM3_IRQHandler) refers to stm32f10x_tim.o(i.TIM_GetITStatus) for TIM_GetITStatus
    main.o(i.TIM3_IRQHandler) refers to mpu6050.o(i.MpuGetData) for MpuGetData
    main.o(i.TIM3_IRQHandler) refers to imu.o(i.GetAngle) for GetAngle
    main.o(i.TIM3_IRQHandler) refers to remote.o(i.RC_Analy) for RC_Analy
    main.o(i.TIM3_IRQHandler) refers to control.o(i.FlightPidControl) for FlightPidControl
    main.o(i.TIM3_IRQHandler) refers to control.o(i.MotorControl) for MotorControl
    main.o(i.TIM3_IRQHandler) refers to stm32f10x_tim.o(i.TIM_ClearITPendingBit) for TIM_ClearITPendingBit
    main.o(i.TIM3_IRQHandler) refers to main.o(.data) for SysTick_count
    main.o(i.TIM3_IRQHandler) refers to main.o(.bss) for Angle
    main.o(i.main) refers to system_stm32f10x.o(i.SystemInit) for SystemInit
    main.o(i.main) refers to delay.o(i.delay_init) for delay_init
    main.o(i.main) refers to misc.o(i.NVIC_PriorityGroupConfig) for NVIC_PriorityGroupConfig
    main.o(i.main) refers to i2c.o(i.IIC_Init) for IIC_Init
    main.o(i.main) refers to main.o(i.pid_param_Init) for pid_param_Init
    main.o(i.main) refers to led.o(i.LEDInit) for LEDInit
    main.o(i.main) refers to mpu6050.o(i.MpuInit) for MpuInit
    main.o(i.main) refers to usart.o(i.USART1_Config) for USART1_Config
    main.o(i.main) refers to usart.o(i.USART3_Config) for USART3_Config
    main.o(i.main) refers to tim.o(i.TIM2_PWM_Config) for TIM2_PWM_Config
    main.o(i.main) refers to tim.o(i.TIM3_Config) for TIM3_Config
    main.o(i.main) refers to led.o(i.PilotLED) for PilotLED
    main.o(i.pid_param_Init) refers to main.o(.bss) for pidRateX
    ano_dt.o(i.ANO_Recive) refers to memcpya.o(.text) for __aeabi_memcpy
    ano_dt.o(i.ANO_Recive) refers to ano_dt.o(.data) for ANTO_Recived_flag
    ano_dt.o(i.ANO_Recive) refers to ano_dt.o(.bss) for RatePID
    ano_dt.o(i.ANTO_Send) refers to fmul.o(.text) for __aeabi_fmul
    ano_dt.o(i.ANTO_Send) refers to ffixi.o(.text) for __aeabi_f2iz
    ano_dt.o(i.ANTO_Send) refers to usart.o(i.USART3_SendByte) for USART3_SendByte
    ano_dt.o(i.ANTO_Send) refers to main.o(.bss) for pidRateX
    ano_dt.o(i.ANTO_Send) refers to main.o(.data) for AK8975
    ano_dt.o(i.ANTO_polling) refers to ano_dt.o(i.ANTO_Send) for ANTO_Send
    ano_dt.o(i.ANTO_polling) refers to delay.o(i.delay_ms) for delay_ms
    ano_dt.o(i.ANTO_polling) refers to ffltui.o(.text) for __aeabi_ui2f
    ano_dt.o(i.ANTO_polling) refers to fdiv.o(.text) for __aeabi_fdiv
    ano_dt.o(i.ANTO_polling) refers to ano_dt.o(.data) for status
    ano_dt.o(i.ANTO_polling) refers to main.o(.bss) for pidRateX
    ano_dt.o(i.ANTO_polling) refers to ano_dt.o(.bss) for RatePID
    ano_dt.o(i.USART3_IRQHandler) refers to usart.o(i.USART3_SendByte) for USART3_SendByte
    ano_dt.o(i.USART3_IRQHandler) refers to ano_dt.o(i.ANO_Recive) for ANO_Recive
    ano_dt.o(i.USART3_IRQHandler) refers to ano_dt.o(.bss) for ReciveBuffer
    ano_dt.o(i.USART3_IRQHandler) refers to ano_dt.o(.data) for count
    control.o(i.FlightPidControl) refers to pid.o(i.pidRest) for pidRest
    control.o(i.FlightPidControl) refers to fflti.o(.text) for __aeabi_i2f
    control.o(i.FlightPidControl) refers to fmul.o(.text) for __aeabi_fmul
    control.o(i.FlightPidControl) refers to pid.o(i.pidUpdate) for pidUpdate
    control.o(i.FlightPidControl) refers to control.o(.data) for status
    control.o(i.FlightPidControl) refers to main.o(.data) for ALL_flag
    control.o(i.FlightPidControl) refers to main.o(.bss) for pidYaw
    control.o(i.FlightPidControl) refers to mymath.o(.constdata) for Gyro_G
    control.o(i.MotorControl) refers to fadd.o(.text) for __aeabi_fsub
    control.o(i.MotorControl) refers to fflti.o(.text) for __aeabi_i2f
    control.o(i.MotorControl) refers to ffixi.o(.text) for __aeabi_f2iz
    control.o(i.MotorControl) refers to main.o(.data) for ALL_flag
    control.o(i.MotorControl) refers to control.o(.data) for status
    control.o(i.MotorControl) refers to main.o(.bss) for Remote
    control.o(.data) refers to main.o(.bss) for pidRateX
    remote.o(i.RC_Analy) refers to printf1.o(i.__0printf$1) for __2printf
    remote.o(i.RC_Analy) refers to fflti.o(.text) for __aeabi_i2f
    remote.o(i.RC_Analy) refers to fmul.o(.text) for __aeabi_fmul
    remote.o(i.RC_Analy) refers to fadd.o(.text) for __aeabi_fadd
    remote.o(i.RC_Analy) refers to remote.o(i.remote_unlock) for remote_unlock
    remote.o(i.RC_Analy) refers to remote.o(.data) for Serial_RxFlag
    remote.o(i.RC_Analy) refers to remote.o(.bss) for Serial_RxPacket
    remote.o(i.RC_Analy) refers to main.o(.bss) for Remote
    remote.o(i.RC_Analy) refers to main.o(.data) for ALL_flag
    remote.o(i.USART1_IRQHandler) refers to stm32f10x_usart.o(i.USART_GetITStatus) for USART_GetITStatus
[...]
    Removing stm32f10x_rcc.o(i.RCC_GetSYSCLKSource), (16 bytes).
    Removing stm32f10x_rcc.o(i.RCC_HCLKConfig), (24 bytes).
    Removing stm32f10x_rcc.o(i.RCC_HSEConfig), (76 bytes).
    Removing stm32f10x_rcc.o(i.RCC_HSICmd), (12 bytes).
    Removing stm32f10x_rcc.o(i.RCC_ITConfig), (32 bytes).
    Removing stm32f10x_rcc.o(i.RCC_LSEConfig), (52 bytes).
    Removing stm32f10x_rcc.o(i.RCC_LSICmd), (12 bytes).
    Removing stm32f10x_rcc.o(i.RCC_MCOConfig), (12 bytes).
    Removing stm32f10x_rcc.o(i.RCC_PCLK1Config), (24 bytes).
    Removing stm32f10x_rcc.o(i.RCC_PCLK2Config), (24 bytes).
    Removing stm32f10x_rcc.o(i.RCC_PLLCmd), (12 bytes).
    Removing stm32f10x_rcc.o(i.RCC_PLLConfig), (28 bytes).
    Removing stm32f10x_rcc.o(i.RCC_RTCCLKCmd), (12 bytes).
    Removing stm32f10x_rcc.o(i.RCC_RTCCLKConfig), (16 bytes).
    Removing stm32f10x_rcc.o(i.RCC_SYSCLKConfig), (24 bytes).
    Removing stm32f10x_rcc.o(i.RCC_USBCLKConfig), (12 bytes).
    Removing stm32f10x_rcc.o(i.RCC_WaitForHSEStartUp), (56 bytes).
    Removing stm32f10x_rtc.o(i.RTC_ClearFlag), (16 bytes).
    Removing stm32f10x_rtc.o(i.RTC_ClearITPendingBit), (16 bytes).
    Removing stm32f10x_rtc.o(i.RTC_EnterConfigMode), (20 bytes).
    Removing stm32f10x_rtc.o(i.RTC_ExitConfigMode), (20 bytes).
    Removing stm32f10x_rtc.o(i.RTC_GetCounter), (20 bytes).
    Removing stm32f10x_rtc.o(i.RTC_GetDivider), (24 bytes).
    Removing stm32f10x_rtc.o(i.RTC_GetFlagStatus), (24 bytes).
    Removing stm32f10x_rtc.o(i.RTC_GetITStatus), (36 bytes).
    Removing stm32f10x_rtc.o(i.RTC_ITConfig), (32 bytes).
    Removing stm32f10x_rtc.o(i.RTC_SetAlarm), (28 bytes).
    Removing stm32f10x_rtc.o(i.RTC_SetCounter), (28 bytes).
    Removing stm32f10x_rtc.o(i.RTC_SetPrescaler), (32 bytes).
    Removing stm32f10x_rtc.o(i.RTC_WaitForLastTask), (20 bytes).
    Removing stm32f10x_rtc.o(i.RTC_WaitForSynchro), (36 bytes).
    Removing stm32f10x_sdio.o(i.SDIO_CEATAITCmd), (16 bytes).
    Removing stm32f10x_sdio.o(i.SDIO_ClearFlag), (12 bytes).
    Removing stm32f10x_sdio.o(i.SDIO_ClearITPendingBit), (12 bytes).
    Removing stm32f10x_sdio.o(i.SDIO_ClockCmd), (12 bytes).
    Removing stm32f10x_sdio.o(i.SDIO_CmdStructInit), (14 bytes).
    Removing stm32f10x_sdio.o(i.SDIO_CommandCompletionCmd), (12 bytes).
    Removing stm32f10x_sdio.o(i.SDIO_DMACmd), (12 bytes).
    Removing stm32f10x_sdio.o(i.SDIO_DataConfig), (48 bytes).
    Removing stm32f10x_sdio.o(i.SDIO_DataStructInit), (20 bytes).
    Removing stm32f10x_sdio.o(i.SDIO_DeInit), (36 bytes).
    Removing stm32f10x_sdio.o(i.SDIO_GetCommandResponse), (12 bytes).
    Removing stm32f10x_sdio.o(i.SDIO_GetDataCounter), (12 bytes).
    Removing stm32f10x_sdio.o(i.SDIO_GetFIFOCount), (12 bytes).
    Removing stm32f10x_sdio.o(i.SDIO_GetFlagStatus), (24 bytes).
    Removing stm32f10x_sdio.o(i.SDIO_GetITStatus), (24 bytes).
    Removing stm32f10x_sdio.o(i.SDIO_GetPowerState), (16 bytes).
    Removing stm32f10x_sdio.o(i.SDIO_GetResponse), (24 bytes).
    Removing stm32f10x_sdio.o(i.SDIO_ITConfig), (32 bytes).
    Removing stm32f10x_sdio.o(i.SDIO_Init), (48 bytes).
    Removing stm32f10x_sdio.o(i.SDIO_ReadData), (12 bytes).
    Removing stm32f10x_sdio.o(i.SDIO_SendCEATACmd), (12 bytes).
    Removing stm32f10x_sdio.o(i.SDIO_SendCommand), (44 bytes).
    Removing stm32f10x_sdio.o(i.SDIO_SendSDIOSuspendCmd), (12 bytes).
    Removing stm32f10x_sdio.o(i.SDIO_SetPowerState), (28 bytes).
    Removing stm32f10x_sdio.o(i.SDIO_SetSDIOOperation), (12 bytes).
    Removing stm32f10x_sdio.o(i.SDIO_SetSDIOReadWaitMode), (12 bytes).
    Removing stm32f10x_sdio.o(i.SDIO_StartSDIOReadWait), (12 bytes).
    Removing stm32f10x_sdio.o(i.SDIO_StopSDIOReadWait), (12 bytes).
    Removing stm32f10x_sdio.o(i.SDIO_StructInit), (16 bytes).
    Removing stm32f10x_sdio.o(i.SDIO_WriteData), (12 bytes).
    Removing stm32f10x_spi.o(i.I2S_Cmd), (24 bytes).
    Removing stm32f10x_spi.o(i.I2S_Init), (232 bytes).
    Removing stm32f10x_spi.o(i.I2S_StructInit), (20 bytes).
    Removing stm32f10x_spi.o(i.SPI_BiDirectionalLineConfig), (28 bytes).
    Removing stm32f10x_spi.o(i.SPI_CalculateCRC), (24 bytes).
    Removing stm32f10x_spi.o(i.SPI_Cmd), (24 bytes).
    Removing stm32f10x_spi.o(i.SPI_DataSizeConfig), (18 bytes).
    Removing stm32f10x_spi.o(i.SPI_GetCRC), (16 bytes).
    Removing stm32f10x_spi.o(i.SPI_GetCRCPolynomial), (6 bytes).
    Removing stm32f10x_spi.o(i.SPI_I2S_ClearFlag), (6 bytes).
    Removing stm32f10x_spi.o(i.SPI_I2S_ClearITPendingBit), (20 bytes).
    Removing stm32f10x_spi.o(i.SPI_I2S_DMACmd), (18 bytes).
    Removing stm32f10x_spi.o(i.SPI_I2S_DeInit), (88 bytes).
    Removing stm32f10x_spi.o(i.SPI_I2S_GetFlagStatus), (18 bytes).
    Removing stm32f10x_spi.o(i.SPI_I2S_GetITStatus), (52 bytes).
    Removing stm32f10x_spi.o(i.SPI_I2S_ITConfig), (32 bytes).
    Removing stm32f10x_spi.o(i.SPI_I2S_ReceiveData), (6 bytes).
    Removing stm32f10x_spi.o(i.SPI_I2S_SendData), (4 bytes).
    Removing stm32f10x_spi.o(i.SPI_Init), (60 bytes).
    Removing stm32f10x_spi.o(i.SPI_NSSInternalSoftwareConfig), (30 bytes).
    Removing stm32f10x_spi.o(i.SPI_SSOutputCmd), (24 bytes).
    Removing stm32f10x_spi.o(i.SPI_StructInit), (24 bytes).
    Removing stm32f10x_spi.o(i.SPI_TransmitCRC), (10 bytes).
    Removing stm32f10x_tim.o(i.TI1_Config), (128 bytes).
    Removing stm32f10x_tim.o(i.TI2_Config), (152 bytes).
    Removing stm32f10x_tim.o(i.TI3_Config), (144 bytes).
    Removing stm32f10x_tim.o(i.TI4_Config), (152 bytes).
    Removing stm32f10x_tim.o(i.TIM_BDTRConfig), (32 bytes).
    Removing stm32f10x_tim.o(i.TIM_BDTRStructInit), (18 bytes).
    Removing stm32f10x_tim.o(i.TIM_CCPreloadControl), (24 bytes).
    Removing stm32f10x_tim.o(i.TIM_CCxCmd), (30 bytes).
    Removing stm32f10x_tim.o(i.TIM_CCxNCmd), (30 bytes).
    Removing stm32f10x_tim.o(i.TIM_ClearFlag), (6 bytes).
    Removing stm32f10x_tim.o(i.TIM_ClearOC1Ref), (18 bytes).
    Removing stm32f10x_tim.o(i.TIM_ClearOC2Ref), (24 bytes).
    Removing stm32f10x_tim.o(i.TIM_ClearOC3Ref), (18 bytes).
    Removing stm32f10x_tim.o(i.TIM_ClearOC4Ref), (24 bytes).
    Removing stm32f10x_tim.o(i.TIM_CounterModeConfig), (18 bytes).
    Removing stm32f10x_tim.o(i.TIM_CtrlPWMOutputs), (30 bytes).
    Removing stm32f10x_tim.o(i.TIM_DMACmd), (18 bytes).
    Removing stm32f10x_tim.o(i.TIM_DMAConfig), (10 bytes).
    Removing stm32f10x_tim.o(i.TIM_DeInit), (488 bytes).
    Removing stm32f10x_tim.o(i.TIM_ETRClockMode1Config), (54 bytes).
    Removing stm32f10x_tim.o(i.TIM_ETRClockMode2Config), (32 bytes).
    Removing stm32f10x_tim.o(i.TIM_ETRConfig), (28 bytes).
    Removing stm32f10x_tim.o(i.TIM_EncoderInterfaceConfig), (66 bytes).
    Removing stm32f10x_tim.o(i.TIM_ForcedOC1Config), (18 bytes).
    Removing stm32f10x_tim.o(i.TIM_ForcedOC2Config), (26 bytes).
    Removing stm32f10x_tim.o(i.TIM_ForcedOC3Config), (18 bytes).
    Removing stm32f10x_tim.o(i.TIM_ForcedOC4Config), (26 bytes).
    Removing stm32f10x_tim.o(i.TIM_GenerateEvent), (4 bytes).
    Removing stm32f10x_tim.o(i.TIM_GetCapture1), (6 bytes).
    Removing stm32f10x_tim.o(i.TIM_GetCapture2), (6 bytes).
    Removing stm32f10x_tim.o(i.TIM_GetCapture3), (6 bytes).
    Removing stm32f10x_tim.o(i.TIM_GetCapture4), (8 bytes).
    Removing stm32f10x_tim.o(i.TIM_GetCounter), (6 bytes).
    Removing stm32f10x_tim.o(i.TIM_GetFlagStatus), (18 bytes).
    Removing stm32f10x_tim.o(i.TIM_GetPrescaler), (6 bytes).
    Removing stm32f10x_tim.o(i.TIM_ICInit), (172 bytes).
    Removing stm32f10x_tim.o(i.TIM_ICStructInit), (18 bytes).
    Removing stm32f10x_tim.o(i.TIM_ITRxExternalClockConfig), (24 bytes).
    Removing stm32f10x_tim.o(i.TIM_InternalClockConfig), (12 bytes).
    Removing stm32f10x_tim.o(i.TIM_OC1FastConfig), (18 bytes).
    Removing stm32f10x_tim.o(i.TIM_OC1NPolarityConfig), (18 bytes).
    Removing stm32f10x_tim.o(i.TIM_OC1PolarityConfig), (18 bytes).
    Removing stm32f10x_tim.o(i.TIM_OC2FastConfig), (26 bytes).
    Removing stm32f10x_tim.o(i.TIM_OC2NPolarityConfig), (26 bytes).
    Removing stm32f10x_tim.o(i.TIM_OC2PolarityConfig), (26 bytes).
    Removing stm32f10x_tim.o(i.TIM_OC3FastConfig), (18 bytes).
    Removing stm32f10x_tim.o(i.TIM_OC3NPolarityConfig), (26 bytes).
    Removing stm32f10x_tim.o(i.TIM_OC3PolarityConfig), (26 bytes).
    Removing stm32f10x_tim.o(i.TIM_OC4FastConfig), (26 bytes).
    Removing stm32f10x_tim.o(i.TIM_OC4PolarityConfig), (26 bytes).
    Removing stm32f10x_tim.o(i.TIM_OCStructInit), (20 bytes).
    Removing stm32f10x_tim.o(i.TIM_PWMIConfig), (124 bytes).
    Removing stm32f10x_tim.o(i.TIM_PrescalerConfig), (6 bytes).
    Removing stm32f10x_tim.o(i.TIM_SelectCCDMA), (24 bytes).
    Removing stm32f10x_tim.o(i.TIM_SelectCOM), (24 bytes).
    Removing stm32f10x_tim.o(i.TIM_SelectHallSensor), (24 bytes).
    Removing stm32f10x_tim.o(i.TIM_SelectInputTrigger), (18 bytes).
    Removing stm32f10x_tim.o(i.TIM_SelectMasterSlaveMode), (18 bytes).
    Removing stm32f10x_tim.o(i.TIM_SelectOCxM), (82 bytes).
    Removing stm32f10x_tim.o(i.TIM_SelectOnePulseMode), (18 bytes).
    Removing stm32f10x_tim.o(i.TIM_SelectOutputTrigger), (18 bytes).
    Removing stm32f10x_tim.o(i.TIM_SelectSlaveMode), (18 bytes).
    Removing stm32f10x_tim.o(i.TIM_SetAutoreload), (4 bytes).
    Removing stm32f10x_tim.o(i.TIM_SetClockDivision), (18 bytes).
    Removing stm32f10x_tim.o(i.TIM_SetCompare1), (4 bytes).
    Removing stm32f10x_tim.o(i.TIM_SetCompare2), (4 bytes).
    Removing stm32f10x_tim.o(i.TIM_SetCompare3), (4 bytes).
    Removing stm32f10x_tim.o(i.TIM_SetCompare4), (6 bytes).
    Removing stm32f10x_tim.o(i.TIM_SetCounter), (4 bytes).
    Removing stm32f10x_tim.o(i.TIM_SetIC1Prescaler), (18 bytes).
    Removing stm32f10x_tim.o(i.TIM_SetIC2Prescaler), (26 bytes).
    Removing stm32f10x_tim.o(i.TIM_SetIC3Prescaler), (18 bytes).
    Removing stm32f10x_tim.o(i.TIM_SetIC4Prescaler), (26 bytes).
    Removing stm32f10x_tim.o(i.TIM_TIxExternalClockConfig), (62 bytes).
    Removing stm32f10x_tim.o(i.TIM_TimeBaseStructInit), (18 bytes).
    Removing stm32f10x_tim.o(i.TIM_UpdateDisableConfig), (24 bytes).
    Removing stm32f10x_tim.o(i.TIM_UpdateRequestConfig), (24 bytes).
    Removing stm32f10x_usart.o(i.USART_ClearFlag), (18 bytes).
    Removing stm32f10x_usart.o(i.USART_ClockInit), (34 bytes).
    Removing stm32f10x_usart.o(i.USART_ClockStructInit), (12 bytes).
    Removing stm32f10x_usart.o(i.USART_DMACmd), (18 bytes).
    Removing stm32f10x_usart.o(i.USART_DeInit), (156 bytes).
    Removing stm32f10x_usart.o(i.USART_HalfDuplexCmd), (24 bytes).
    Removing stm32f10x_usart.o(i.USART_IrDACmd), (24 bytes).
    Removing stm32f10x_usart.o(i.USART_IrDAConfig), (18 bytes).
    Removing stm32f10x_usart.o(i.USART_LINBreakDetectLengthConfig), (18 bytes).
    Removing stm32f10x_usart.o(i.USART_LINCmd), (24 bytes).
    Removing stm32f10x_usart.o(i.USART_OneBitMethodCmd), (24 bytes).
    Removing stm32f10x_usart.o(i.USART_OverSampling8Cmd), (22 bytes).
    Removing stm32f10x_usart.o(i.USART_ReceiverWakeUpCmd), (24 bytes).
    Removing stm32f10x_usart.o(i.USART_SendBreak), (10 bytes).
    Removing stm32f10x_usart.o(i.USART_SetAddress), (18 bytes).
    Removing stm32f10x_usart.o(i.USART_SetGuardTime), (16 bytes).
    Removing stm32f10x_usart.o(i.USART_SetPrescaler), (16 bytes).
    Removing stm32f10x_usart.o(i.USART_SmartCardCmd), (24 bytes).
    Removing stm32f10x_usart.o(i.USART_SmartCardNACKCmd), (24 bytes).
    Removing stm32f10x_usart.o(i.USART_StructInit), (24 bytes).
    Removing stm32f10x_usart.o(i.USART_WakeUpConfig), (18 bytes).
    Removing stm32f10x_wwdg.o(i.WWDG_ClearFlag), (12 bytes).
    Removing stm32f10x_wwdg.o(i.WWDG_DeInit), (22 bytes).
    Removing stm32f10x_wwdg.o(i.WWDG_Enable), (16 bytes).
    Removing stm32f10x_wwdg.o(i.WWDG_EnableIT), (12 bytes).
    Removing stm32f10x_wwdg.o(i.WWDG_GetFlagStatus), (12 bytes).
    Removing stm32f10x_wwdg.o(i.WWDG_SetCounter), (16 bytes).
    Removing stm32f10x_wwdg.o(i.WWDG_SetPrescaler), (24 bytes).
    Removing stm32f10x_wwdg.o(i.WWDG_SetWindowValue), (40 bytes).
    Removing ffltui.o(.text), (10 bytes).
    Removing fscalb.o(.text), (24 bytes).
    Removing dfixul.o(.text), (48 bytes).
    Removing cdrcmple.o(.text), (48 bytes).
    Removing fsqrt.o(.text), (94 bytes).
    Removing cdcmple.o(.text), (48 bytes).

493 unused section(s) (total 24230 bytes) removed from the image.

==============================================================================

Image Symbol Table

    Local Symbols

    Symbol Name                              Value     Ov Type        Size  Object(Section)

    ../clib/microlib/division.c              0x00000000   Number         0  uldiv.o ABSOLUTE
    ../clib/microlib/division.c              0x00000000   Number         0  uidiv.o ABSOLUTE
    ../clib/microlib/errno.c                 0x00000000   Number         0  errno.o ABSOLUTE
    ../clib/microlib/init/entry.s            0x00000000   Number         0  entry7b.o ABSOLUTE
    ../clib/microlib/init/entry.s            0x00000000   Number         0  entry7a.o ABSOLUTE
    ../clib/microlib/init/entry.s            0x00000000   Number         0  entry5.o ABSOLUTE
    ../clib/microlib/init/entry.s            0x00000000   Number         0  entry10b.o ABSOLUTE
    ../clib/microlib/init/entry.s            0x00000000   Number         0  entry11b.o ABSOLUTE
    ../clib/microlib/init/entry.s            0x00000000   Number         0  entry11a.o ABSOLUTE
    ../clib/microlib/init/entry.s            0x00000000   Number         0  entry2.o ABSOLUTE
    ../clib/microlib/init/entry.s            0x00000000   Number         0  entry9b.o ABSOLUTE
    ../clib/microlib/init/entry.s            0x00000000   Number         0  entry.o ABSOLUTE
    ../clib/microlib/init/entry.s            0x00000000   Number         0  entry8a.o ABSOLUTE
    ../clib/microlib/init/entry.s            0x00000000   Number         0  entry8b.o ABSOLUTE
    ../clib/microlib/init/entry.s            0x00000000   Number         0  entry9a.o ABSOLUTE
    ../clib/microlib/init/entry.s            0x00000000   Number         0  entry10a.o ABSOLUTE
    ../clib/microlib/longlong.c              0x00000000   Number         0  llsshr.o ABSOLUTE
    ../clib/microlib/longlong.c              0x00000000   Number         0  llshl.o ABSOLUTE
    ../clib/microlib/longlong.c              0x00000000   Number         0  llushr.o ABSOLUTE
    ../clib/microlib/printf/printf.c         0x00000000   Number         0  printf8.o ABSOLUTE
    ../clib/microlib/printf/printf.c         0x00000000   Number         0  printf4.o ABSOLUTE
    ../clib/microlib/printf/printf.c         0x00000000   Number         0  printfa.o ABSOLUTE
    ../clib/microlib/printf/printf.c         0x00000000   Number         0  printf0.o ABSOLUTE
    ../clib/microlib/printf/printf.c         0x00000000   Number         0  printf2.o ABSOLUTE
    ../clib/microlib/printf/printf.c         0x00000000   Number         0  printf3.o ABSOLUTE
    ../clib/microlib/printf/printf.c         0x00000000   Number         0  printf6.o ABSOLUTE
    ../clib/microlib/printf/printf.c         0x00000000   Number         0  printf1.o ABSOLUTE
    ../clib/microlib/printf/printf.c         0x00000000   Number         0  printfb.o ABSOLUTE
    ../clib/microlib/printf/printf.c         0x00000000   Number         0  printf7.o ABSOLUTE
    ../clib/microlib/printf/printf.c         0x00000000   Number         0  printf5.o ABSOLUTE
    ../clib/microlib/printf/stubs.s          0x00000000   Number         0  stubs.o ABSOLUTE
    ../clib/microlib/stdio/streams.c         0x00000000   Number         0  stdout.o ABSOLUTE
    ../clib/microlib/string/memcpy.c         0x00000000   Number         0  memcpyb.o ABSOLUTE
    ../clib/microlib/string/memcpy.c         0x00000000   Number         0  memcpya.o ABSOLUTE
    ../clib/microlib/string/memset.c         0x00000000   Number         0  memseta.o ABSOLUTE
    ../clib/microlib/stubs.s                 0x00000000   Number         0  iusefp.o ABSOLUTE
    ../fplib/microlib/d2f.c                  0x00000000   Number         0  d2f.o ABSOLUTE
    ../fplib/microlib/f2d.c                  0x00000000   Number         0  f2d.o ABSOLUTE
    ../fplib/microlib/fpadd.c                0x00000000   Number         0  fadd.o ABSOLUTE
    ../fplib/microlib/fpadd.c                0x00000000   Number         0  dadd.o ABSOLUTE
    ../fplib/microlib/fpdiv.c                0x00000000   Number         0  ddiv.o ABSOLUTE
    ../fplib/microlib/fpdiv.c                0x00000000   Number         0  fdiv.o ABSOLUTE
    ../fplib/microlib/fpepilogue.c           0x00000000   Number         0  fepilogue.o ABSOLUTE
    ../fplib/microlib/fpepilogue.c           0x00000000   Number         0  depilogue.o ABSOLUTE
    ../fplib/microlib/fpfix.c                0x00000000   Number         0  ffixi.o ABSOLUTE
    ../fplib/microlib/fpfix.c                0x00000000   Number         0  dfixul.o ABSOLUTE
    ../fplib/microlib/fpflt.c                0x00000000   Number         0  ffltui.o ABSOLUTE
    ../fplib/microlib/fpflt.c                0x00000000   Number         0  fflti.o ABSOLUTE
    ../fplib/microlib/fpmul.c                0x00000000   Number         0  fmul.o ABSOLUTE
    ../fplib/microlib/fpmul.c                0x00000000   Number         0  dmul.o ABSOLUTE
    ../fplib/microlib/fpscalb.c              0x00000000   Number         0  dscalb.o ABSOLUTE
    ../fplib/microlib/fpscalb.c              0x00000000   Number         0  fscalb.o ABSOLUTE
    ../fplib/microlib/fpsqrt.c               0x00000000   Number         0  dsqrt.o ABSOLUTE
    ../fplib/microlib/fpsqrt.c               0x00000000   Number         0  fsqrt.o ABSOLUTE
    ../mathlib/asin.c                        0x00000000   Number         0  asin.o ABSOLUTE
    ../mathlib/asin.c                        0x00000000   Number         0  asin_x.o ABSOLUTE
    ../mathlib/asinf.c                       0x00000000   Number         0  asinf.o ABSOLUTE
    ../mathlib/asinf.c                       0x00000000   Number         0  asinf_x.o ABSOLUTE
    ../mathlib/atan.c                        0x00000000   Number         0  atan.o ABSOLUTE
    ../mathlib/atan.c                        0x00000000   Number         0  atan_x.o ABSOLUTE
    ../mathlib/atan2.c                       0x00000000   Number         0  atan2_x.o ABSOLUTE
    ../mathlib/atan2.c                       0x00000000   Number         0  atan2.o ABSOLUTE
    ../mathlib/dunder.c                      0x00000000   Number         0  dunder.o ABSOLUTE
    ../mathlib/fpclassify.c                  0x00000000   Number         0  fpclassify.o ABSOLUTE
    ../mathlib/fpclassifyf.c                 0x00000000   Number         0  fpclassifyf.o ABSOLUTE
    ../mathlib/funder.c                      0x00000000   Number         0  funder.o ABSOLUTE
    ../mathlib/poly.c                        0x00000000   Number         0  poly.o ABSOLUTE
    ../mathlib/qnan.c                        0x00000000   Number         0  qnan.o ABSOLUTE
    ../mathlib/sqrt.c                        0x00000000   Number         0  sqrt_x.o ABSOLUTE
    ../mathlib/sqrt.c                        0x00000000   Number         0  sqrt.o ABSOLUTE
    ../mathlib/sqrtf.c                       0x00000000   Number         0  sqrtf_x.o ABSOLUTE
    ../mathlib/sqrtf.c                       0x00000000   Number         0  sqrtf.o ABSOLUTE
    Hardware\LED.c                           0x00000000   Number         0  led.o ABSOLUTE
    Hardware\mpu6050.c                       0x00000000   Number         0  mpu6050.o ABSOLUTE
    Library\misc.c                           0x00000000   Number         0  misc.o ABSOLUTE
    Library\stm32f10x_adc.c                  0x00000000   Number         0  stm32f10x_adc.o ABSOLUTE
    Library\stm32f10x_bkp.c                  0x00000000   Number         0  stm32f10x_bkp.o ABSOLUTE
    Library\stm32f10x_can.c                  0x00000000   Number         0  stm32f10x_can.o ABSOLUTE
    Library\stm32f10x_cec.c                  0x00000000   Number         0  stm32f10x_cec.o ABSOLUTE
    Library\stm32f10x_crc.c                  0x00000000   Number         0  stm32f10x_crc.o ABSOLUTE
    Library\stm32f10x_dac.c                  0x00000000   Number         0  stm32f10x_dac.o ABSOLUTE
    Library\stm32f10x_dbgmcu.c               0x00000000   Number         0  stm32f10x_dbgmcu.o ABSOLUTE
    Library\stm32f10x_dma.c                  0x00000000   Number         0  stm32f10x_dma.o ABSOLUTE
    Library\stm32f10x_exti.c                 0x00000000   Number         0  stm32f10x_exti.o ABSOLUTE
    Library\stm32f10x_flash.c                0x00000000   Number         0  stm32f10x_flash.o ABSOLUTE
    Library\stm32f10x_fsmc.c                 0x00000000   Number         0  stm32f10x_fsmc.o ABSOLUTE
    Library\stm32f10x_gpio.c                 0x00000000   Number         0  stm32f10x_gpio.o ABSOLUTE
    Library\stm32f10x_i2c.c                  0x00000000   Number         0  stm32f10x_i2c.o ABSOLUTE
    Library\stm32f10x_iwdg.c                 0x00000000   Number         0  stm32f10x_iwdg.o ABSOLUTE
    Library\stm32f10x_pwr.c                  0x00000000   Number         0  stm32f10x_pwr.o ABSOLUTE
    Library\stm32f10x_rcc.c                  0x00000000   Number         0  stm32f10x_rcc.o ABSOLUTE
    Library\stm32f10x_rtc.c                  0x00000000   Number         0  stm32f10x_rtc.o ABSOLUTE
    Library\stm32f10x_sdio.c                 0x00000000   Number         0  stm32f10x_sdio.o ABSOLUTE
    Library\stm32f10x_spi.c                  0x00000000   Number         0  stm32f10x_spi.o ABSOLUTE
    Library\stm32f10x_tim.c                  0x00000000   Number         0  stm32f10x_tim.o ABSOLUTE
    Library\stm32f10x_usart.c                0x00000000   Number         0  stm32f10x_usart.o ABSOLUTE
    Library\stm32f10x_wwdg.c                 0x00000000   Number         0  stm32f10x_wwdg.o ABSOLUTE
    Math\filter.c                            0x00000000   Number         0  filter.o ABSOLUTE
    Math\imu.c                               0x00000000   Number         0  imu.o ABSOLUTE
    Math\kalman.c                            0x00000000   Number         0  kalman.o ABSOLUTE
    Math\myMath.c                            0x00000000   Number         0  mymath.o ABSOLUTE
    Math\pid.c                               0x00000000   Number         0  pid.o ABSOLUTE
    Start\\core_cm3.c                        0x00000000   Number         0  core_cm3.o ABSOLUTE
    Start\core_cm3.c                         0x00000000   Number         0  core_cm3.o ABSOLUTE
    Start\startup_stm32f10x_md.s             0x00000000   Number         0  startup_stm32f10x_md.o ABSOLUTE
    Start\system_stm32f10x.c                 0x00000000   Number         0  system_stm32f10x.o ABSOLUTE
    System\I2C.c                             0x00000000   Number         0  i2c.o ABSOLUTE
    System\TIM.c                             0x00000000   Number         0  tim.o ABSOLUTE
    System\USART.c                           0x00000000   Number         0  usart.o ABSOLUTE
    System\delay.c                           0x00000000   Number         0  delay.o ABSOLUTE
    User\ANO_DT.c                            0x00000000   Number         0  ano_dt.o ABSOLUTE
    User\control.c                           0x00000000   Number         0  control.o ABSOLUTE
    User\main.c                              0x00000000   Number         0  main.o ABSOLUTE
    User\remote.c                            0x00000000   Number         0  remote.o ABSOLUTE
    User\stm32f10x_it.c                      0x00000000   Number         0  stm32f10x_it.o ABSOLUTE
    cdcmple.s                                0x00000000   Number         0  cdcmple.o ABSOLUTE
    cdrcmple.s                               0x00000000   Number         0  cdrcmple.o ABSOLUTE
    cfcmple.s                                0x00000000   Number         0  cfcmple.o ABSOLUTE
    cfrcmple.s                               0x00000000   Number         0  cfrcmple.o ABSOLUTE
    dc.s                                     0x00000000   Number         0  dc.o ABSOLUTE
    handlers.s                               0x00000000   Number         0  handlers.o ABSOLUTE
    init.s                                   0x00000000   Number         0  init.o ABSOLUTE
    RESET                                    0x08000000   Section      236  startup_stm32f10x_md.o(RESET)
    .ARM.Collect$$$$00000000                 0x080000ec   Section        0  entry.o(.ARM.Collect$$$$00000000)
    .ARM.Collect$$$$00000001                 0x080000ec   Section        4  entry2.o(.ARM.Collect$$$$00000001)
    .ARM.Collect$$$$00000004                 0x080000f0   Section        4  entry5.o(.ARM.Collect$$$$00000004)
    .ARM.Collect$$$$00000008                 0x080000f4   Section        0  entry7b.o(.ARM.Collect$$$$00000008)
    .ARM.Collect$$$$0000000A                 0x080000f4   Section        0  entry8b.o(.ARM.Collect$$$$0000000A)
    .ARM.Collect$$$$0000000B                 0x080000f4   Section        8  entry9a.o(.ARM.Collect$$$$0000000B)
    .ARM.Collect$$$$0000000D                 0x080000fc   Section        0  entry10a.o(.ARM.Collect$$$$0000000D)
    .ARM.Collect$$$$0000000F                 0x080000fc   Section        0  entry11a.o(.ARM.Collect$$$$0000000F)
    .ARM.Collect$$$$00002712                 0x080000fc   Section        4  entry2.o(.ARM.Collect$$$$00002712)
    __lit__00000000                          0x080000fc   Data           4  entry2.o(.ARM.Collect$$$$00002712)
    .text                                    0x08000100   Section       36  startup_stm32f10x_md.o(.text)
    .text                                    0x08000124   Section        0  memcpya.o(.text)
    .text                                    0x08000148   Section        0  memseta.o(.text)
    .text                                    0x0800016c   Section        0  fadd.o(.text)
    .text                                    0x0800021c   Section        0  fmul.o(.text)
    .text                                    0x08000280   Section        0  fdiv.o(.text)
    .text                                    0x080002fc   Section        0  dadd.o(.text)
    .text                                    0x0800044a   Section        0  dmul.o(.text)
    .text                                    0x0800052e   Section        0  fflti.o(.text)
    .text                                    0x08000540   Section        0  ffixi.o(.text)
    .text                                    0x08000572   Section        0  f2d.o(.text)
    .text                                    0x08000598   Section        0  d2f.o(.text)
    .text                                    0x080005d0   Section       20  cfcmple.o(.text)
    .text                                    0x080005e4   Section       20  cfrcmple.o(.text)
    .text                                    0x080005f8   Section        0  uidiv.o(.text)
    .text                                    0x08000624   Section        0  llshl.o(.text)
    .text                                    0x08000642   Section        0  llsshr.o(.text)
    .text                                    0x08000666   Section        0  fepilogue.o(.text)
    .text                                    0x08000666   Section        0  iusefp.o(.text)
    .text                                    0x080006d4   Section        0  depilogue.o(.text)
    .text                                    0x0800078e   Section        0  ddiv.o(.text)
    .text                                    0x0800086c   Section        0  dscalb.o(.text)
    .text                                    0x0800089c   Section       36  init.o(.text)
    .text                                    0x080008c0   Section        0  llushr.o(.text)
    .text                                    0x080008e0   Section        0  dsqrt.o(.text)
    i.ANO_Recive                             0x08000984   Section        0  ano_dt.o(i.ANO_Recive)
    i.BusFault_Handler                       0x08000a60   Section        0  stm32f10x_it.o(i.BusFault_Handler)
    i.DebugMon_Handler                       0x08000a64   Section        0  stm32f10x_it.o(i.DebugMon_Handler)
    i.FlightPidControl                       0x08000a68   Section        0  control.o(i.FlightPidControl)
    i.GPIO_Init                              0x08000bb8   Section        0  stm32f10x_gpio.o(i.GPIO_Init)
    i.GetAngle                               0x08000cd0   Section        0  imu.o(i.GetAngle)
    i.HardFault_Handler                      0x0800141c   Section        0  stm32f10x_it.o(i.HardFault_Handler)
    i.I2c_Ack                                0x08001420   Section        0  i2c.o(i.I2c_Ack)
    I2c_Ack                                  0x08001421   Thumb Code   198  i2c.o(i.I2c_Ack)
    i.I2c_NoAck                              0x080014ec   Section        0  i2c.o(i.I2c_NoAck)
    I2c_NoAck                                0x080014ed   Thumb Code   200  i2c.o(i.I2c_NoAck)
    i.I2c_ReadByte                           0x080015b8   Section        0  i2c.o(i.I2c_ReadByte)
    I2c_ReadByte                             0x080015b9   Thumb Code   188  i2c.o(i.I2c_ReadByte)
    i.I2c_SendByte                           0x08001678   Section        0  i2c.o(i.I2c_SendByte)
    I2c_SendByte                             0x08001679   Thumb Code   186  i2c.o(i.I2c_SendByte)
    i.I2c_Start                              0x08001738   Section        0  i2c.o(i.I2c_Start)
    I2c_Start                                0x08001739   Thumb Code   144  i2c.o(i.I2c_Start)
    i.I2c_Stop                               0x080017cc   Section        0  i2c.o(i.I2c_Stop)
    I2c_Stop                                 0x080017cd   Thumb Code   152  i2c.o(i.I2c_Stop)
    i.I2c_WaitAck                            0x08001868   Section        0  i2c.o(i.I2c_WaitAck)
    I2c_WaitAck                              0x08001869   Thumb Code   176  i2c.o(i.I2c_WaitAck)
    i.IIC_Init                               0x0800191c   Section        0  i2c.o(i.IIC_Init)
    i.IIC_Read_One_Byte                      0x08001948   Section        0  i2c.o(i.IIC_Read_One_Byte)
    i.IIC_Write_One_Byte                     0x080019ac   Section        0  i2c.o(i.IIC_Write_One_Byte)
    i.IIC_read_Bytes                         0x080019f0   Section        0  i2c.o(i.IIC_read_Bytes)
    i.LEDInit                                0x08001a70   Section        0  led.o(i.LEDInit)
    i.MemManage_Handler                      0x08001aa8   Section        0  stm32f10x_it.o(i.MemManage_Handler)
    i.MotorControl                           0x08001aac   Section        0  control.o(i.MotorControl)
    i.MpuGetData                             0x08001d20   Section        0  mpu6050.o(i.MpuGetData)
    i.MpuGetOffset                           0x08001e14   Section        0  mpu6050.o(i.MpuGetOffset)
    i.MpuInit                                0x08001f3c   Section        0  mpu6050.o(i.MpuInit)
    i.NMI_Handler                            0x08001fd4   Section        0  stm32f10x_it.o(i.NMI_Handler)
    i.NVIC_Init                              0x08001fd8   Section        0  misc.o(i.NVIC_Init)
    i.NVIC_PriorityGroupConfig               0x08002048   Section        0  misc.o(i.NVIC_PriorityGroupConfig)
    i.PendSV_Handler                         0x0800205c   Section        0  stm32f10x_it.o(i.PendSV_Handler)
    i.PilotLED                               0x08002060   Section        0  led.o(i.PilotLED)
    i.Q_rsqrt                                0x08002184   Section        0  mymath.o(i.Q_rsqrt)
    i.RCC_APB1PeriphClockCmd                 0x080021d4   Section        0  stm32f10x_rcc.o(i.RCC_APB1PeriphClockCmd)
    i.RCC_APB2PeriphClockCmd                 0x080021f4   Section        0  stm32f10x_rcc.o(i.RCC_APB2PeriphClockCmd)
    i.RCC_GetClocksFreq                      0x08002214   Section        0  stm32f10x_rcc.o(i.RCC_GetClocksFreq)
    i.RC_Analy                               0x080022e8   Section        0  remote.o(i.RC_Analy)
    i.SVC_Handler                            0x08002454   Section        0  stm32f10x_it.o(i.SVC_Handler)
    i.SetSysClock                            0x08002456   Section        0  system_stm32f10x.o(i.SetSysClock)
    SetSysClock                              0x08002457   Thumb Code     8  system_stm32f10x.o(i.SetSysClock)
    i.SetSysClockTo72                        0x08002460   Section        0  system_stm32f10x.o(i.SetSysClockTo72)
    SetSysClockTo72                          0x08002461   Thumb Code   214  system_stm32f10x.o(i.SetSysClockTo72)
    i.SysTick_Handler                        0x08002540   Section        0  stm32f10x_it.o(i.SysTick_Handler)
    i.SystemInit                             0x08002544   Section        0  system_stm32f10x.o(i.SystemInit)
    i.TIM2_PWM_Config                        0x080025a4   Section        0  tim.o(i.TIM2_PWM_Config)
    i.TIM3_Config                            0x0800266c   Section        0  tim.o(i.TIM3_Config)
    i.TIM3_IRQHandler                        0x080026d0   Section        0  main.o(i.TIM3_IRQHandler)
    i.TIM_ARRPreloadConfig                   0x08002724   Section        0  stm32f10x_tim.o(i.TIM_ARRPreloadConfig)
    i.TIM_ClearITPendingBit                  0x0800273c   Section        0  stm32f10x_tim.o(i.TIM_ClearITPendingBit)
    i.TIM_Cmd                                0x08002742   Section        0  stm32f10x_tim.o(i.TIM_Cmd)
    i.TIM_GetITStatus                        0x0800275a   Section        0  stm32f10x_tim.o(i.TIM_GetITStatus)
    i.TIM_ITConfig                           0x0800277c   Section        0  stm32f10x_tim.o(i.TIM_ITConfig)
    i.TIM_OC1Init                            0x08002790   Section        0  stm32f10x_tim.o(i.TIM_OC1Init)
    i.TIM_OC1PreloadConfig                   0x08002828   Section        0  stm32f10x_tim.o(i.TIM_OC1PreloadConfig)
    i.TIM_OC2Init                            0x0800283c   Section        0  stm32f10x_tim.o(i.TIM_OC2Init)
    i.TIM_OC2PreloadConfig                   0x080028e0   Section        0  stm32f10x_tim.o(i.TIM_OC2PreloadConfig)
    i.TIM_OC3Init                            0x080028fc   Section        0  stm32f10x_tim.o(i.TIM_OC3Init)
    i.TIM_OC3PreloadConfig                   0x0800299c   Section        0  stm32f10x_tim.o(i.TIM_OC3PreloadConfig)
    i.TIM_OC4Init                            0x080029b0   Section        0  stm32f10x_tim.o(i.TIM_OC4Init)
    i.TIM_OC4PreloadConfig                   0x08002a2c   Section        0  stm32f10x_tim.o(i.TIM_OC4PreloadConfig)
    i.TIM_TimeBaseInit                       0x08002a48   Section        0  stm32f10x_tim.o(i.TIM_TimeBaseInit)
    i.USART1_Config                          0x08002aec   Section        0  usart.o(i.USART1_Config)
    i.USART1_IRQHandler                      0x08002b8c   Section        0  remote.o(i.USART1_IRQHandler)
    i.USART3_Config                          0x08002c28   Section        0  usart.o(i.USART3_Config)
    i.USART3_IRQHandler                      0x08002cc8   Section        0  ano_dt.o(i.USART3_IRQHandler)
    i.USART3_SendByte                        0x08002dcc   Section        0  usart.o(i.USART3_SendByte)
    i.USART_ClearITPendingBit                0x08002dfc   Section        0  stm32f10x_usart.o(i.USART_ClearITPendingBit)
    i.USART_Cmd                              0x08002e1a   Section        0  stm32f10x_usart.o(i.USART_Cmd)
    i.USART_GetFlagStatus                    0x08002e32   Section        0  stm32f10x_usart.o(i.USART_GetFlagStatus)
    i.USART_GetITStatus                      0x08002e4c   Section        0  stm32f10x_usart.o(i.USART_GetITStatus)
    i.USART_ITConfig                         0x08002ea0   Section        0  stm32f10x_usart.o(i.USART_ITConfig)
    i.USART_Init                             0x08002eec   Section        0  stm32f10x_usart.o(i.USART_Init)
    i.USART_ReceiveData                      0x08002fc4   Section        0  stm32f10x_usart.o(i.USART_ReceiveData)
    i.USART_SendData                         0x08002fce   Section        0  stm32f10x_usart.o(i.USART_SendData)
    i.UsageFault_Handler                     0x08002fd6   Section        0  stm32f10x_it.o(i.UsageFault_Handler)
    i.__0printf$1                            0x08002fdc   Section        0  printf1.o(i.__0printf$1)
    i.__ARM_fpclassify                       0x08002ffc   Section        0  fpclassify.o(i.__ARM_fpclassify)
    i.__kernel_poly                          0x08003024   Section        0  poly.o(i.__kernel_poly)
    i.__mathlib_dbl_infnan                   0x080030ce   Section        0  dunder.o(i.__mathlib_dbl_infnan)
    i.__mathlib_dbl_infnan2                  0x080030d4   Section        0  dunder.o(i.__mathlib_dbl_infnan2)
    i.__mathlib_dbl_invalid                  0x080030d8   Section        0  dunder.o(i.__mathlib_dbl_invalid)
    i.__mathlib_dbl_underflow                0x080030e4   Section        0  dunder.o(i.__mathlib_dbl_underflow)
    i.__scatterload_copy                     0x080030f4   Section       14  handlers.o(i.__scatterload_copy)
    i.__scatterload_null                     0x08003102   Section        2  handlers.o(i.__scatterload_null)
    i.__scatterload_zeroinit                 0x08003104   Section       14  handlers.o(i.__scatterload_zeroinit)
    i.__set_errno                            0x08003114   Section        0  errno.o(i.__set_errno)
    i._printf_core                           0x08003120   Section        0  printf1.o(i._printf_core)
    _printf_core                             0x08003121   Thumb Code   336  printf1.o(i._printf_core)
    i.asin                                   0x08003274   Section        0  asin.o(i.asin)
    i.atan                                   0x080034e4   Section        0  atan.o(i.atan)
    i.atan2                                  0x08003704   Section        0  atan2.o(i.atan2)
    i.delay_init                             0x08003884   Section        0  delay.o(i.delay_init)
    i.delay_ms                               0x080038bc   Section        0  delay.o(i.delay_ms)
    i.fputc                                  0x080038f8   Section        0  usart.o(i.fputc)
    i.kalman_1                               0x0800391c   Section        0  kalman.o(i.kalman_1)
    i.main                                   0x08003974   Section        0  main.o(i.main)
    i.pidRest                                0x080039b4   Section        0  pid.o(i.pidRest)
    i.pidUpdate                              0x080039e0   Section        0  pid.o(i.pidUpdate)
    i.pid_param_Init                         0x08003a4c   Section        0  main.o(i.pid_param_Init)
    i.remote_unlock                          0x08003ab4   Section        0  remote.o(i.remote_unlock)
    i.sqrt                                   0x08003b5c   Section        0  sqrt.o(i.sqrt)
    .constdata                               0x08003ba8   Section       24  mymath.o(.constdata)
    .constdata                               0x08003bc0   Section       80  asin.o(.constdata)
    pS                                       0x08003bc0   Data          48  asin.o(.constdata)
    qS                                       0x08003bf0   Data          32  asin.o(.constdata)
    .constdata                               0x08003c10   Section      152  atan.o(.constdata)
    atanhi                                   0x08003c10   Data          32  atan.o(.constdata)
    atanlo                                   0x08003c30   Data          32  atan.o(.constdata)
    aTodd                                    0x08003c50   Data          40  atan.o(.constdata)
    aTeven                                   0x08003c78   Data          48  atan.o(.constdata)
    .constdata                               0x08003ca8   Section        8  qnan.o(.constdata)
    .data                                    0x20000000   Section       12  main.o(.data)
    .data                                    0x2000000c   Section       10  ano_dt.o(.data)
    ANTO_Recived_flag                        0x2000000c   Data           1  ano_dt.o(.data)
    status                                   0x2000000d   Data           1  ano_dt.o(.data)
    count                                    0x2000000e   Data           1  ano_dt.o(.data)
    CheckSend                                0x2000000f   Data           7  ano_dt.o(.data)
    .data                                    0x20000018   Section       42  control.o(.data)
    status                                   0x20000040   Data           1  control.o(.data)
    status                                   0x20000041   Data           1  control.o(.data)
    .data                                    0x20000042   Section        8  remote.o(.data)
    RxState                                  0x20000043   Data           1  remote.o(.data)
    pRxPacket                                0x20000044   Data           1  remote.o(.data)
    cnt                                      0x20000046   Data           2  remote.o(.data)
    status                                   0x20000048   Data           1  remote.o(.data)
    cnt                                      0x20000049   Data           1  remote.o(.data)
    .data                                    0x2000004a   Section        4  delay.o(.data)
    fac_us                                   0x2000004a   Data           1  delay.o(.data)
    fac_ms                                   0x2000004c   Data           2  delay.o(.data)
    .data                                    0x20000050   Section        8  led.o(.data)
    LastTime                                 0x20000054   Data           4  led.o(.data)
    .data                                    0x20000058   Section       76  mpu6050.o(.data)
    pMpu                                     0x20000058   Data           4  mpu6050.o(.data)
    ekf                                      0x2000005c   Data          72  mpu6050.o(.data)
    .data                                    0x200000a4   Section       28  imu.o(.data)
    NormAcc                                  0x200000a4   Data           4  imu.o(.data)
    KpDef                                    0x200000a8   Data           4  imu.o(.data)
    KiDef                                    0x200000ac   Data           4  imu.o(.data)
    NumQ                                     0x200000b0   Data          16  imu.o(.data)
    .data                                    0x200000c0   Section       20  stm32f10x_rcc.o(.data)
    APBAHBPrescTable                         0x200000c0   Data          16  stm32f10x_rcc.o(.data)
    ADCPrescTable                            0x200000d0   Data           4  stm32f10x_rcc.o(.data)
    .data                                    0x200000d4   Section        4  stdout.o(.data)
    .data                                    0x200000d8   Section        4  errno.o(.data)
    _errno                                   0x200000d8   Data           4  errno.o(.data)
    .bss                                     0x200000dc   Section      460  main.o(.bss)
    .bss                                     0x200002a8   Section       79  ano_dt.o(.bss)
    RatePID                                  0x200002a8   Data          18  ano_dt.o(.bss)
    AnglePID                                 0x200002ba   Data          18  ano_dt.o(.bss)
    HighPID                                  0x200002cc   Data          18  ano_dt.o(.bss)
    ReciveBuffer                             0x200002de   Data          25  ano_dt.o(.bss)
    .bss                                     0x200002f7   Section        9  remote.o(.bss)
    .bss                                     0x20000300   Section       24  mpu6050.o(.bss)
    tBuff                                    0x2000030c   Data          12  mpu6050.o(.bss)
    .bss                                     0x20000318   Section       12  imu.o(.bss)
    GyroIntegError                           0x20000318   Data          12  imu.o(.bss)
    STACK                                    0x20000328   Section     1024  startup_stm32f10x_md.o(STACK)

    Global Symbols

    Symbol Name                              Value     Ov Type        Size  Object(Section)

    BuildAttributes$$THM_ISAv4$P$D$K$B$S$PE$A:L22UL41UL21$X:L11$S22US41US21$IEEE1$IW$USESV6$~STKCKD$USESV7$~SHL$OTIME$ROPI$IEEEX$EBA8$MICROLIB$REQ8$PRES8$EABIv2 0x00000000   Number         0  anon$$obj.o ABSOLUTE
    __ARM_use_no_argv                        0x00000000   Number         0  main.o ABSOLUTE
    _printf_a                                0x00000000   Number         0  stubs.o ABSOLUTE
    _printf_c                                0x00000000   Number         0  stubs.o ABSOLUTE
    _printf_charcount                        0x00000000   Number         0  stubs.o ABSOLUTE
    _printf_d                                0x00000000   Number         0  stubs.o ABSOLUTE
    _printf_e                                0x00000000   Number         0  stubs.o ABSOLUTE
    _printf_f                                0x00000000   Number         0  stubs.o ABSOLUTE
    _printf_flags                            0x00000000   Number         0  stubs.o ABSOLUTE
    _printf_fp_dec                           0x00000000   Number         0  stubs.o ABSOLUTE
    _printf_fp_hex                           0x00000000   Number         0  stubs.o ABSOLUTE
    _printf_g                                0x00000000   Number         0  stubs.o ABSOLUTE
    _printf_i                                0x00000000   Number         0  stubs.o ABSOLUTE
    _printf_int_dec                          0x00000000   Number         0  stubs.o ABSOLUTE
    _printf_l                                0x00000000   Number         0  stubs.o ABSOLUTE
    _printf_lc                               0x00000000   Number         0  stubs.o ABSOLUTE
    _printf_ll                               0x00000000   Number         0  stubs.o ABSOLUTE
    _printf_lld                              0x00000000   Number         0  stubs.o ABSOLUTE
    _printf_lli                              0x00000000   Number         0  stubs.o ABSOLUTE
    _printf_llo                              0x00000000   Number         0  stubs.o ABSOLUTE
    _printf_llu                              0x00000000   Number         0  stubs.o ABSOLUTE
    _printf_llx                              0x00000000   Number         0  stubs.o ABSOLUTE
    _printf_longlong_dec                     0x00000000   Number         0  stubs.o ABSOLUTE
    _printf_longlong_hex                     0x00000000   Number         0  stubs.o ABSOLUTE
    _printf_longlong_oct                     0x00000000   Number         0  stubs.o ABSOLUTE
    _printf_ls                               0x00000000   Number         0  stubs.o ABSOLUTE
    _printf_mbtowc                           0x00000000   Number         0  stubs.o ABSOLUTE
    _printf_n                                0x00000000   Number         0  stubs.o ABSOLUTE
    _printf_o                                0x00000000   Number         0  stubs.o ABSOLUTE
    _printf_p                                0x00000000   Number         0  stubs.o ABSOLUTE
    _printf_percent                          0x00000000   Number         0  stubs.o ABSOLUTE
    _printf_pre_padding                      0x00000000   Number         0  stubs.o ABSOLUTE
    _printf_return_value                     0x00000000   Number         0  stubs.o ABSOLUTE
    _printf_s                                0x00000000   Number         0  stubs.o ABSOLUTE
    _printf_sizespec                         0x00000000   Number         0  stubs.o ABSOLUTE
    _printf_str                              0x00000000   Number         0  stubs.o ABSOLUTE
    _printf_truncate_signed                  0x00000000   Number         0  stubs.o ABSOLUTE
    _printf_truncate_unsigned                0x00000000   Number         0  stubs.o ABSOLUTE
    _printf_u                                0x00000000   Number         0  stubs.o ABSOLUTE
    _printf_wc                               0x00000000   Number         0  stubs.o ABSOLUTE
    _printf_wctomb                           0x00000000   Number         0  stubs.o ABSOLUTE
    _printf_widthprec                        0x00000000   Number         0  stubs.o ABSOLUTE
    _printf_x                                0x00000000   Number         0  stubs.o ABSOLUTE
    __cpp_initialize__aeabi_                  - Undefined Weak Reference
    __cxa_finalize                            - Undefined Weak Reference
    __decompress                              - Undefined Weak Reference
    _clock_init                               - Undefined Weak Reference
    _microlib_exit                            - Undefined Weak Reference
    __Vectors_Size                           0x000000ec   Number         0  startup_stm32f10x_md.o ABSOLUTE
    __Vectors                                0x08000000   Data           4  startup_stm32f10x_md.o(RESET)
    __Vectors_End                            0x080000ec   Data           0  startup_stm32f10x_md.o(RESET)
    __main                                   0x080000ed   Thumb Code     0  entry.o(.ARM.Collect$$$$00000000)
    _main_stk                                0x080000ed   Thumb Code     0  entry2.o(.ARM.Collect$$$$00000001)
    _main_scatterload                        0x080000f1   Thumb Code     0  entry5.o(.ARM.Collect$$$$00000004)
    __main_after_scatterload                 0x080000f5   Thumb Code     0  entry5.o(.ARM.Collect$$$$00000004)
    _main_clock                              0x080000f5   Thumb Code     0  entry7b.o(.ARM.Collect$$$$00000008)
    _main_cpp_init                           0x080000f5   Thumb Code     0  entry8b.o(.ARM.Collect$$$$0000000A)
    _main_init                               0x080000f5   Thumb Code     0  entry9a.o(.ARM.Collect$$$$0000000B)
    __rt_final_cpp                           0x080000fd   Thumb Code     0  entry10a.o(.ARM.Collect$$$$0000000D)
    __rt_final_exit                          0x080000fd   Thumb Code     0  entry11a.o(.ARM.Collect$$$$0000000F)
    Reset_Handler                            0x08000101   Thumb Code     8  startup_stm32f10x_md.o(.text)
    ADC1_2_IRQHandler                        0x0800011b   Thumb Code     0  startup_stm32f10x_md.o(.text)
    CAN1_RX1_IRQHandler                      0x0800011b   Thumb Code     0  startup_stm32f10x_md.o(.text)
    CAN1_SCE_IRQHandler                      0x0800011b   Thumb Code     0  startup_stm32f10x_md.o(.text)
    DMA1_Channel1_IRQHandler                 0x0800011b   Thumb Code     0  startup_stm32f10x_md.o(.text)
    DMA1_Channel2_IRQHandler                 0x0800011b   Thumb Code     0  startup_stm32f10x_md.o(.text)
    DMA1_Channel3_IRQHandler                 0x0800011b   Thumb Code     0  startup_stm32f10x_md.o(.text)
    DMA1_Channel4_IRQHandler                 0x0800011b   Thumb Code     0  startup_stm32f10x_md.o(.text)
    DMA1_Channel5_IRQHandler                 0x0800011b   Thumb Code     0  startup_stm32f10x_md.o(.text)
    DMA1_Channel6_IRQHandler                 0x0800011b   Thumb Code     0  startup_stm32f10x_md.o(.text)
    DMA1_Channel7_IRQHandler                 0x0800011b   Thumb Code     0  startup_stm32f10x_md.o(.text)
    EXTI0_IRQHandler                         0x0800011b   Thumb Code     0  startup_stm32f10x_md.o(.text)
    EXTI15_10_IRQHandler                     0x0800011b   Thumb Code     0  startup_stm32f10x_md.o(.text)
    EXTI1_IRQHandler                         0x0800011b   Thumb Code     0  startup_stm32f10x_md.o(.text)
    EXTI2_IRQHandler                         0x0800011b   Thumb Code     0  startup_stm32f10x_md.o(.text)
    EXTI3_IRQHandler                         0x0800011b   Thumb Code     0  startup_stm32f10x_md.o(.text)
    EXTI4_IRQHandler                         0x0800011b   Thumb Code     0  startup_stm32f10x_md.o(.text)
    EXTI9_5_IRQHandler                       0x0800011b   Thumb Code     0  startup_stm32f10x_md.o(.text)
    FLASH_IRQHandler                         0x0800011b   Thumb Code     0  startup_stm32f10x_md.o(.text)
    I2C1_ER_IRQHandler                       0x0800011b   Thumb Code     0  startup_stm32f10x_md.o(.text)
    I2C1_EV_IRQHandler                       0x0800011b   Thumb Code     0  startup_stm32f10x_md.o(.text)
    I2C2_ER_IRQHandler                       0x0800011b   Thumb Code     0  startup_stm32f10x_md.o(.text)
    I2C2_EV_IRQHandler                       0x0800011b   Thumb Code     0  startup_stm32f10x_md.o(.text)
    PVD_IRQHandler                           0x0800011b   Thumb Code     0  startup_stm32f10x_md.o(.text)
    RCC_IRQHandler                           0x0800011b   Thumb Code     0  startup_stm32f10x_md.o(.text)
    RTCAlarm_IRQHandler                      0x0800011b   Thumb Code     0  startup_stm32f10x_md.o(.text)
    RTC_IRQHandler                           0x0800011b   Thumb Code     0  startup_stm32f10x_md.o(.text)
    SPI1_IRQHandler                          0x0800011b   Thumb Code     0  startup_stm32f10x_md.o(.text)
    SPI2_IRQHandler                          0x0800011b   Thumb Code     0  startup_stm32f10x_md.o(.text)
    TAMPER_IRQHandler                        0x0800011b   Thumb Code     0  startup_stm32f10x_md.o(.text)
    TIM1_BRK_IRQHandler                      0x0800011b   Thumb Code     0  startup_stm32f10x_md.o(.text)
    TIM1_CC_IRQHandler                       0x0800011b   Thumb Code     0  startup_stm32f10x_md.o(.text)
    TIM1_TRG_COM_IRQHandler                  0x0800011b   Thumb Code     0  startup_stm32f10x_md.o(.text)
    TIM1_UP_IRQHandler                       0x0800011b   Thumb Code     0  startup_stm32f10x_md.o(.text)
    TIM2_IRQHandler                          0x0800011b   Thumb Code     0  startup_stm32f10x_md.o(.text)
    TIM4_IRQHandler                          0x0800011b   Thumb Code     0  startup_stm32f10x_md.o(.text)
    USART2_IRQHandler                        0x0800011b   Thumb Code     0  startup_stm32f10x_md.o(.text)
    USBWakeUp_IRQHandler                     0x0800011b   Thumb Code     0  startup_stm32f10x_md.o(.text)
    USB_HP_CAN1_TX_IRQHandler                0x0800011b   Thumb Code     0  startup_stm32f10x_md.o(.text)
    USB_LP_CAN1_RX0_IRQHandler               0x0800011b   Thumb Code     0  startup_stm32f10x_md.o(.text)
    WWDG_IRQHandler                          0x0800011b   Thumb Code     0  startup_stm32f10x_md.o(.text)
    __aeabi_memcpy                           0x08000125   Thumb Code    36  memcpya.o(.text)
    __aeabi_memcpy4                          0x08000125   Thumb Code     0  memcpya.o(.text)
    __aeabi_memcpy8                          0x08000125   Thumb Code     0  memcpya.o(.text)
    __aeabi_memset                           0x08000149   Thumb Code    14  memseta.o(.text)
    __aeabi_memset4                          0x08000149   Thumb Code     0  memseta.o(.text)
    __aeabi_memset8                          0x08000149   Thumb Code     0  memseta.o(.text)
    __aeabi_memclr                           0x08000157   Thumb Code     4  memseta.o(.text)
    __aeabi_memclr4                          0x08000157   Thumb Code     0  memseta.o(.text)
    __aeabi_memclr8                          0x08000157   Thumb Code     0  memseta.o(.text)
    _memset$wrapper                          0x0800015b   Thumb Code    18  memseta.o(.text)
    __aeabi_fadd                             0x0800016d   Thumb Code   164  fadd.o(.text)
    __aeabi_fsub                             0x08000211   Thumb Code     6  fadd.o(.text)
    __aeabi_frsub                            0x08000217   Thumb Code     6  fadd.o(.text)
    __aeabi_fmul                             0x0800021d   Thumb Code   100  fmul.o(.text)
    __aeabi_fdiv                             0x08000281   Thumb Code   124  fdiv.o(.text)
    __aeabi_dadd                             0x080002fd   Thumb Code   322  dadd.o(.text)
    __aeabi_dsub                             0x0800043f   Thumb Code     6  dadd.o(.text)
    __aeabi_drsub                            0x08000445   Thumb Code     6  dadd.o(.text)
    __aeabi_dmul                             0x0800044b   Thumb Code   228  dmul.o(.text)
    __aeabi_i2f                              0x0800052f   Thumb Code    18  fflti.o(.text)
    __aeabi_f2iz                             0x08000541   Thumb Code    50  ffixi.o(.text)
    __aeabi_f2d                              0x08000573   Thumb Code    38  f2d.o(.text)
    __aeabi_d2f                              0x08000599   Thumb Code    56  d2f.o(.text)
    __aeabi_cfcmpeq                          0x080005d1   Thumb Code     0  cfcmple.o(.text)
    __aeabi_cfcmple                          0x080005d1   Thumb Code    20  cfcmple.o(.text)
    __aeabi_cfrcmple                         0x080005e5   Thumb Code    20  cfrcmple.o(.text)
    __aeabi_uidiv                            0x080005f9   Thumb Code     0  uidiv.o(.text)
    __aeabi_uidivmod                         0x080005f9   Thumb Code    44  uidiv.o(.text)
    __aeabi_llsl                             0x08000625   Thumb Code    30  llshl.o(.text)
    _ll_shift_l                              0x08000625   Thumb Code     0  llshl.o(.text)
    __aeabi_lasr                             0x08000643   Thumb Code    36  llsshr.o(.text)
    _ll_sshift_r                             0x08000643   Thumb Code     0  llsshr.o(.text)
    __I$use$fp                               0x08000667   Thumb Code     0  iusefp.o(.text)
    _float_round                             0x08000667   Thumb Code    18  fepilogue.o(.text)
    _float_epilogue                          0x08000679   Thumb Code    92  fepilogue.o(.text)
    _double_round                            0x080006d5   Thumb Code    30  depilogue.o(.text)
    _double_epilogue                         0x080006f3   Thumb Code   156  depilogue.o(.text)
    __aeabi_ddiv                             0x0800078f   Thumb Code   222  ddiv.o(.text)
    __ARM_scalbn                             0x0800086d   Thumb Code    46  dscalb.o(.text)
    scalbn                                   0x0800086d   Thumb Code     0  dscalb.o(.text)
    __scatterload                            0x0800089d   Thumb Code    28  init.o(.text)
    __scatterload_rt2                        0x0800089d   Thumb Code     0  init.o(.text)
    __aeabi_llsr                             0x080008c1   Thumb Code    32  llushr.o(.text)
    _ll_ushift_r                             0x080008c1   Thumb Code     0  llushr.o(.text)
    _dsqrt                                   0x080008e1   Thumb Code   162  dsqrt.o(.text)
    ANO_Recive                               0x08000985   Thumb Code   202  ano_dt.o(i.ANO_Recive)
    BusFault_Handler                         0x08000a61   Thumb Code     4  stm32f10x_it.o(i.BusFault_Handler)
    DebugMon_Handler                         0x08000a65   Thumb Code     2  stm32f10x_it.o(i.DebugMon_Handler)
    FlightPidControl                         0x08000a69   Thumb Code   286  control.o(i.FlightPidControl)
    GPIO_Init                                0x08000bb9   Thumb Code   278  stm32f10x_gpio.o(i.GPIO_Init)
    GetAngle                                 0x08000cd1   Thumb Code  1846  imu.o(i.GetAngle)
    HardFault_Handler                        0x0800141d   Thumb Code     4  stm32f10x_it.o(i.HardFault_Handler)
    IIC_Init                                 0x0800191d   Thumb Code    38  i2c.o(i.IIC_Init)
    IIC_Read_One_Byte                        0x08001949   Thumb Code   100  i2c.o(i.IIC_Read_One_Byte)
    IIC_Write_One_Byte                       0x080019ad   Thumb Code    68  i2c.o(i.IIC_Write_One_Byte)
    IIC_read_Bytes                           0x080019f1   Thumb Code   128  i2c.o(i.IIC_read_Bytes)
    LEDInit                                  0x08001a71   Thumb Code    48  led.o(i.LEDInit)
    MemManage_Handler                        0x08001aa9   Thumb Code     4  stm32f10x_it.o(i.MemManage_Handler)
    MotorControl                             0x08001aad   Thumb Code   596  control.o(i.MotorControl)
    MpuGetData                               0x08001d21   Thumb Code   220  mpu6050.o(i.MpuGetData)
    MpuGetOffset                             0x08001e15   Thumb Code   284  mpu6050.o(i.MpuGetOffset)
    MpuInit                                  0x08001f3d   Thumb Code   146  mpu6050.o(i.MpuInit)
    NMI_Handler                              0x08001fd5   Thumb Code     2  stm32f10x_it.o(i.NMI_Handler)
    NVIC_Init                                0x08001fd9   Thumb Code   100  misc.o(i.NVIC_Init)
    NVIC_PriorityGroupConfig                 0x08002049   Thumb Code    10  misc.o(i.NVIC_PriorityGroupConfig)
    PendSV_Handler                           0x0800205d   Thumb Code     2  stm32f10x_it.o(i.PendSV_Handler)
    PilotLED                                 0x08002061   Thumb Code   274  led.o(i.PilotLED)
    Q_rsqrt                                  0x08002185   Thumb Code    74  mymath.o(i.Q_rsqrt)
    RCC_APB1PeriphClockCmd                   0x080021d5   Thumb Code    26  stm32f10x_rcc.o(i.RCC_APB1PeriphClockCmd)
    RCC_APB2PeriphClockCmd                   0x080021f5   Thumb Code    26  stm32f10x_rcc.o(i.RCC_APB2PeriphClockCmd)
    RCC_GetClocksFreq                        0x08002215   Thumb Code   192  stm32f10x_rcc.o(i.RCC_GetClocksFreq)
    RC_Analy                                 0x080022e9   Thumb Code   304  remote.o(i.RC_Analy)
    SVC_Handler                              0x08002455   Thumb Code     2  stm32f10x_it.o(i.SVC_Handler)
    SysTick_Handler                          0x08002541   Thumb Code     2  stm32f10x_it.o(i.SysTick_Handler)
    SystemInit                               0x08002545   Thumb Code    78  system_stm32f10x.o(i.SystemInit)
    TIM2_PWM_Config                          0x080025a5   Thumb Code   194  tim.o(i.TIM2_PWM_Config)
    TIM3_Config                              0x0800266d   Thumb Code    94  tim.o(i.TIM3_Config)
    TIM3_IRQHandler                          0x080026d1   Thumb Code    60  main.o(i.TIM3_IRQHandler)
    TIM_ARRPreloadConfig                     0x08002725   Thumb Code    24  stm32f10x_tim.o(i.TIM_ARRPreloadConfig)
    TIM_ClearITPendingBit                    0x0800273d   Thumb Code     6  stm32f10x_tim.o(i.TIM_ClearITPendingBit)
    TIM_Cmd                                  0x08002743   Thumb Code    24  stm32f10x_tim.o(i.TIM_Cmd)
    TIM_GetITStatus                          0x0800275b   Thumb Code    34  stm32f10x_tim.o(i.TIM_GetITStatus)
    TIM_ITConfig                             0x0800277d   Thumb Code    18  stm32f10x_tim.o(i.TIM_ITConfig)
    TIM_OC1Init                              0x08002791   Thumb Code   132  stm32f10x_tim.o(i.TIM_OC1Init)
    TIM_OC1PreloadConfig                     0x08002829   Thumb Code    18  stm32f10x_tim.o(i.TIM_OC1PreloadConfig)
    TIM_OC2Init                              0x0800283d   Thumb Code   154  stm32f10x_tim.o(i.TIM_OC2Init)
    TIM_OC2PreloadConfig                     0x080028e1   Thumb Code    26  stm32f10x_tim.o(i.TIM_OC2PreloadConfig)
    TIM_OC3Init                              0x080028fd   Thumb Code   150  stm32f10x_tim.o(i.TIM_OC3Init)
    TIM_OC3PreloadConfig                     0x0800299d   Thumb Code    18  stm32f10x_tim.o(i.TIM_OC3PreloadConfig)
    TIM_OC4Init                              0x080029b1   Thumb Code   114  stm32f10x_tim.o(i.TIM_OC4Init)
    TIM_OC4PreloadConfig                     0x08002a2d   Thumb Code    26  stm32f10x_tim.o(i.TIM_OC4PreloadConfig)
    TIM_TimeBaseInit                         0x08002a49   Thumb Code   122  stm32f10x_tim.o(i.TIM_TimeBaseInit)
    USART1_Config                            0x08002aed   Thumb Code   152  usart.o(i.USART1_Config)
    USART1_IRQHandler                        0x08002b8d   Thumb Code   134  remote.o(i.USART1_IRQHandler)
    USART3_Config                            0x08002c29   Thumb Code   148  usart.o(i.USART3_Config)
    USART3_IRQHandler                        0x08002cc9   Thumb Code   244  ano_dt.o(i.USART3_IRQHandler)
    USART3_SendByte                          0x08002dcd   Thumb Code    44  usart.o(i.USART3_SendByte)
    USART_ClearITPendingBit                  0x08002dfd   Thumb Code    30  stm32f10x_usart.o(i.USART_ClearITPendingBit)
    USART_Cmd                                0x08002e1b   Thumb Code    24  stm32f10x_usart.o(i.USART_Cmd)
    USART_GetFlagStatus                      0x08002e33   Thumb Code    26  stm32f10x_usart.o(i.USART_GetFlagStatus)
    USART_GetITStatus                        0x08002e4d   Thumb Code    84  stm32f10x_usart.o(i.USART_GetITStatus)
    USART_ITConfig                           0x08002ea1   Thumb Code    74  stm32f10x_usart.o(i.USART_ITConfig)
    USART_Init                               0x08002eed   Thumb Code   210  stm32f10x_usart.o(i.USART_Init)
    USART_ReceiveData                        0x08002fc5   Thumb Code    10  stm32f10x_usart.o(i.USART_ReceiveData)
    USART_SendData                           0x08002fcf   Thumb Code     8  stm32f10x_usart.o(i.USART_SendData)
    UsageFault_Handler                       0x08002fd7   Thumb Code     4  stm32f10x_it.o(i.UsageFault_Handler)
    __0printf$1                              0x08002fdd   Thumb Code    22  printf1.o(i.__0printf$1)
    __1printf$1                              0x08002fdd   Thumb Code     0  printf1.o(i.__0printf$1)
    __2printf                                0x08002fdd   Thumb Code     0  printf1.o(i.__0printf$1)
    __ARM_fpclassify                         0x08002ffd   Thumb Code    40  fpclassify.o(i.__ARM_fpclassify)
    __kernel_poly                            0x08003025   Thumb Code   170  poly.o(i.__kernel_poly)
    __mathlib_dbl_infnan                     0x080030cf   Thumb Code     6  dunder.o(i.__mathlib_dbl_infnan)
    __mathlib_dbl_infnan2                    0x080030d5   Thumb Code     4  dunder.o(i.__mathlib_dbl_infnan2)
    __mathlib_dbl_invalid                    0x080030d9   Thumb Code    12  dunder.o(i.__mathlib_dbl_invalid)
    __mathlib_dbl_underflow                  0x080030e5   Thumb Code    10  dunder.o(i.__mathlib_dbl_underflow)
    __scatterload_copy                       0x080030f5   Thumb Code    14  handlers.o(i.__scatterload_copy)
    __scatterload_null                       0x08003103   Thumb Code     2  handlers.o(i.__scatterload_null)
    __scatterload_zeroinit                   0x08003105   Thumb Code    14  handlers.o(i.__scatterload_zeroinit)
    __set_errno                              0x08003115   Thumb Code     6  errno.o(i.__set_errno)
    asin                                     0x08003275   Thumb Code   572  asin.o(i.asin)
    atan                                     0x080034e5   Thumb Code   474  atan.o(i.atan)
    atan2                                    0x08003705   Thumb Code   346  atan2.o(i.atan2)
    delay_init                               0x08003885   Thumb Code    48  delay.o(i.delay_init)
    delay_ms                                 0x080038bd   Thumb Code    56  delay.o(i.delay_ms)
    fputc                                    0x080038f9   Thumb Code    32  usart.o(i.fputc)
    kalman_1                                 0x0800391d   Thumb Code    88  kalman.o(i.kalman_1)
    main                                     0x08003975   Thumb Code    64  main.o(i.main)
    pidRest                                  0x080039b5   Thumb Code    44  pid.o(i.pidRest)
    pidUpdate                                0x080039e1   Thumb Code   106  pid.o(i.pidUpdate)
    pid_param_Init                           0x08003a4d   Thumb Code    66  main.o(i.pid_param_Init)
    remote_unlock                            0x08003ab5   Thumb Code   148  remote.o(i.remote_unlock)
    sqrt                                     0x08003b5d   Thumb Code    76  sqrt.o(i.sqrt)
    M_PI                                     0x08003ba8   Data           4  mymath.o(.constdata)
    RtA                                      0x08003bac   Data           4  mymath.o(.constdata)
    AtR                                      0x08003bb0   Data           4  mymath.o(.constdata)
    Gyro_G                                   0x08003bb4   Data           4  mymath.o(.constdata)
    Gyro_Gr                                  0x08003bb8   Data           4  mymath.o(.constdata)
    PI_2                                     0x08003bbc   Data           4  mymath.o(.constdata)
    __mathlib_zero                           0x08003ca8   Data           8  qnan.o(.constdata)
    Region$$Table$$Base                      0x08003cb0   Number         0  anon$$obj.o(Region$$Table)
    Region$$Table$$Limit                     0x08003cd0   Number         0  anon$$obj.o(Region$$Table)
    SysTick_count                            0x20000000   Data           4  main.o(.data)
    AK8975                                   0x20000004   Data           6  main.o(.data)
    ALL_flag                                 0x2000000a   Data           2  main.o(.data)
    pPidObject                               0x20000018   Data          32  control.o(.data)
    motor                                    0x20000038   Data           8  control.o(.data)
    Serial_RxFlag                            0x20000042   Data           1  remote.o(.data)
    LED                                      0x20000050   Data           4  led.o(.data)
    __stdout                                 0x200000d4   Data           4  stdout.o(.data)
    MPU6050                                  0x200000dc   Data          12  main.o(.bss)
    Angle                                    0x200000e8   Data          12  main.o(.bss)
    Remote                                   0x200000f4   Data          20  main.o(.bss)
    pidRateX                                 0x20000108   Data          52  main.o(.bss)
    pidRateY                                 0x2000013c   Data          52  main.o(.bss)
    pidRateZ                                 0x20000170   Data          52  main.o(.bss)
    pidPitch                                 0x200001a4   Data          52  main.o(.bss)
    pidRoll                                  0x200001d8   Data          52  main.o(.bss)
    pidYaw                                   0x2000020c   Data          52  main.o(.bss)
    pidHeightRate                            0x20000240   Data          52  main.o(.bss)
    pidHeightHigh                            0x20000274   Data          52  main.o(.bss)
    Serial_RxPacket                          0x200002f7   Data           9  remote.o(.bss)
    MpuOffset                                0x20000300   Data          12  mpu6050.o(.bss)
    __initial_sp                             0x20000728   Data           0  startup_stm32f10x_md.o(STACK)



==============================================================================

Memory Map of the image

  Image Entry point : 0x080000ed

  Load Region LR_IROM1 (Base: 0x08000000, Size: 0x00003dac, Max: 0x00010000, ABSOLUTE)

    Execution Region ER_IROM1 (Exec base: 0x08000000, Load base: 0x08000000, Size: 0x00003cd0, Max: 0x00010000, ABSOLUTE)

    Exec Addr    Load Addr    Size         Type   Attr      Idx    E Section Name        Object

    0x08000000   0x08000000   0x000000ec   Data   RO          968    RESET               startup_stm32f10x_md.o
    0x080000ec   0x080000ec   0x00000000   Code   RO         4099  * .ARM.Collect$$$$00000000  mc_w.l(entry.o)
    0x080000ec   0x080000ec   0x00000004   Code   RO         4454    .ARM.Collect$$$$00000001  mc_w.l(entry2.o)
    0x080000f0   0x080000f0   0x00000004   Code   RO         4457    .ARM.Collect$$$$00000004  mc_w.l(entry5.o)
    0x080000f4   0x080000f4   0x00000000   Code   RO         4459    .ARM.Collect$$$$00000008  mc_w.l(entry7b.o)
    0x080000f4   0x080000f4   0x00000000   Code   RO         4461    .ARM.Collect$$$$0000000A  mc_w.l(entry8b.o)
    0x080000f4   0x080000f4   0x00000008   Code   RO         4462    .ARM.Collect$$$$0000000B  mc_w.l(entry9a.o)
    0x080000fc   0x080000fc   0x00000000   Code   RO         4464    .ARM.Collect$$$$0000000D  mc_w.l(entry10a.o)
    0x080000fc   0x080000fc   0x00000000   Code   RO         4466    .ARM.Collect$$$$0000000F  mc_w.l(entry11a.o)
    0x080000fc   0x080000fc   0x00000004   Code   RO         4455    .ARM.Collect$$$$00002712  mc_w.l(entry2.o)
    0x08000100   0x08000100   0x00000024   Code   RO          969    .text               startup_stm32f10x_md.o
    0x08000124   0x08000124   0x00000024   Code   RO         4102    .text               mc_w.l(memcpya.o)
    0x08000148   0x08000148   0x00000024   Code   RO         4104    .text               mc_w.l(memseta.o)
    0x0800016c   0x0800016c   0x000000b0   Code   RO         4369    .text               mf_w.l(fadd.o)
    0x0800021c   0x0800021c   0x00000064   Code   RO         4371    .text               mf_w.l(fmul.o)
    0x08000280   0x08000280   0x0000007c   Code   RO         4373    .text               mf_w.l(fdiv.o)
    0x080002fc   0x080002fc   0x0000014e   Code   RO         4375    .text               mf_w.l(dadd.o)
    0x0800044a   0x0800044a   0x000000e4   Code   RO         4377    .text               mf_w.l(dmul.o)
    0x0800052e   0x0800052e   0x00000012   Code   RO         4379    .text               mf_w.l(fflti.o)
    0x08000540   0x08000540   0x00000032   Code   RO         4383    .text               mf_w.l(ffixi.o)
    0x08000572   0x08000572   0x00000026   Code   RO         4385    .text               mf_w.l(f2d.o)
    0x08000598   0x08000598   0x00000038   Code   RO         4387    .text               mf_w.l(d2f.o)
    0x080005d0   0x080005d0   0x00000014   Code   RO         4389    .text               mf_w.l(cfcmple.o)
    0x080005e4   0x080005e4   0x00000014   Code   RO         4391    .text               mf_w.l(cfrcmple.o)
    0x080005f8   0x080005f8   0x0000002c   Code   RO         4469    .text               mc_w.l(uidiv.o)
    0x08000624   0x08000624   0x0000001e   Code   RO         4473    .text               mc_w.l(llshl.o)
    0x08000642   0x08000642   0x00000024   Code   RO         4475    .text               mc_w.l(llsshr.o)
    0x08000666   0x08000666   0x00000000   Code   RO         4484    .text               mc_w.l(iusefp.o)
    0x08000666   0x08000666   0x0000006e   Code   RO         4485    .text               mf_w.l(fepilogue.o)
    0x080006d4   0x080006d4   0x000000ba   Code   RO         4489    .text               mf_w.l(depilogue.o)
    0x0800078e   0x0800078e   0x000000de   Code   RO         4491    .text               mf_w.l(ddiv.o)
    0x0800086c   0x0800086c   0x0000002e   Code   RO         4493    .text               mf_w.l(dscalb.o)
    0x0800089a   0x0800089a   0x00000002   PAD
    0x0800089c   0x0800089c   0x00000024   Code   RO         4499    .text               mc_w.l(init.o)
    0x080008c0   0x080008c0   0x00000020   Code   RO         4501    .text               mc_w.l(llushr.o)
    0x080008e0   0x080008e0   0x000000a2   Code   RO         4505    .text               mf_w.l(dsqrt.o)
    0x08000982   0x08000982   0x00000002   PAD
    0x08000984   0x08000984   0x000000dc   Code   RO          166    i.ANO_Recive        ano_dt.o
    0x08000a60   0x08000a60   0x00000004   Code   RO          391    i.BusFault_Handler  stm32f10x_it.o
    0x08000a64   0x08000a64   0x00000002   Code   RO          392    i.DebugMon_Handler  stm32f10x_it.o
    0x08000a66   0x08000a66   0x00000002   PAD
    0x08000a68   0x08000a68   0x00000150   Code   RO          271    i.FlightPidControl  control.o
    0x08000bb8   0x08000bb8   0x00000116   Code   RO         2224    i.GPIO_Init         stm32f10x_gpio.o
    0x08000cce   0x08000cce   0x00000002   PAD
    0x08000cd0   0x08000cd0   0x0000074c   Code   RO          754    i.GetAngle          imu.o
    0x0800141c   0x0800141c   0x00000004   Code   RO          393    i.HardFault_Handler  stm32f10x_it.o
    0x08001420   0x08001420   0x000000cc   Code   RO          483    i.I2c_Ack           i2c.o
    0x080014ec   0x080014ec   0x000000cc   Code   RO          484    i.I2c_NoAck         i2c.o
    0x080015b8   0x080015b8   0x000000c0   Code   RO          485    i.I2c_ReadByte      i2c.o
    0x08001678   0x08001678   0x000000c0   Code   RO          486    i.I2c_SendByte      i2c.o
    0x08001738   0x08001738   0x00000094   Code   RO          487    i.I2c_Start         i2c.o
    0x080017cc   0x080017cc   0x0000009c   Code   RO          488    i.I2c_Stop          i2c.o
    0x08001868   0x08001868   0x000000b4   Code   RO          489    i.I2c_WaitAck       i2c.o
    0x0800191c   0x0800191c   0x0000002c   Code   RO          490    i.IIC_Init          i2c.o
    0x08001948   0x08001948   0x00000064   Code   RO          491    i.IIC_Read_One_Byte  i2c.o
    0x080019ac   0x080019ac   0x00000044   Code   RO          493    i.IIC_Write_One_Byte  i2c.o
    0x080019f0   0x080019f0   0x00000080   Code   RO          494    i.IIC_read_Bytes    i2c.o
    0x08001a70   0x08001a70   0x00000038   Code   RO          617    i.LEDInit           led.o
    0x08001aa8   0x08001aa8   0x00000004   Code   RO          394    i.MemManage_Handler  stm32f10x_it.o
    0x08001aac   0x08001aac   0x00000274   Code   RO          272    i.MotorControl      control.o
    0x08001d20   0x08001d20   0x000000f4   Code   RO          645    i.MpuGetData        mpu6050.o
    0x08001e14   0x08001e14   0x00000128   Code   RO          646    i.MpuGetOffset      mpu6050.o
    0x08001f3c   0x08001f3c   0x00000098   Code   RO          647    i.MpuInit           mpu6050.o
    0x08001fd4   0x08001fd4   0x00000002   Code   RO          395    i.NMI_Handler       stm32f10x_it.o
    0x08001fd6   0x08001fd6   0x00000002   PAD
    0x08001fd8   0x08001fd8   0x00000070   Code   RO         1037    i.NVIC_Init         misc.o
    0x08002048   0x08002048   0x00000014   Code   RO         1038    i.NVIC_PriorityGroupConfig  misc.o
    0x0800205c   0x0800205c   0x00000002   Code   RO          396    i.PendSV_Handler    stm32f10x_it.o
    0x0800205e   0x0800205e   0x00000002   PAD
    0x08002060   0x08002060   0x00000124   Code   RO          618    i.PilotLED          led.o
    0x08002184   0x08002184   0x00000050   Code   RO          845    i.Q_rsqrt           mymath.o
    0x080021d4   0x080021d4   0x00000020   Code   RO         2652    i.RCC_APB1PeriphClockCmd  stm32f10x_rcc.o
    0x080021f4   0x080021f4   0x00000020   Code   RO         2654    i.RCC_APB2PeriphClockCmd  stm32f10x_rcc.o
    0x08002214   0x08002214   0x000000d4   Code   RO         2662    i.RCC_GetClocksFreq  stm32f10x_rcc.o
    0x080022e8   0x080022e8   0x0000016c   Code   RO          355    i.RC_Analy          remote.o
    0x08002454   0x08002454   0x00000002   Code   RO          397    i.SVC_Handler       stm32f10x_it.o
    0x08002456   0x08002456   0x00000008   Code   RO          984    i.SetSysClock       system_stm32f10x.o
    0x0800245e   0x0800245e   0x00000002   PAD
    0x08002460   0x08002460   0x000000e0   Code   RO          985    i.SetSysClockTo72   system_stm32f10x.o
    0x08002540   0x08002540   0x00000002   Code   RO          398    i.SysTick_Handler   stm32f10x_it.o
    0x08002542   0x08002542   0x00000002   PAD
    0x08002544   0x08002544   0x00000060   Code   RO          987    i.SystemInit        system_stm32f10x.o
    0x080025a4   0x080025a4   0x000000c8   Code   RO          557    i.TIM2_PWM_Config   tim.o
    0x0800266c   0x0800266c   0x00000064   Code   RO          558    i.TIM3_Config       tim.o
    0x080026d0   0x080026d0   0x00000054   Code   RO            1    i.TIM3_IRQHandler   main.o
    0x08002724   0x08002724   0x00000018   Code   RO         3286    i.TIM_ARRPreloadConfig  stm32f10x_tim.o
    0x0800273c   0x0800273c   0x00000006   Code   RO         3293    i.TIM_ClearITPendingBit  stm32f10x_tim.o
    0x08002742   0x08002742   0x00000018   Code   RO         3298    i.TIM_Cmd           stm32f10x_tim.o
    0x0800275a   0x0800275a   0x00000022   Code   RO         3319    i.TIM_GetITStatus   stm32f10x_tim.o
    0x0800277c   0x0800277c   0x00000012   Code   RO         3323    i.TIM_ITConfig      stm32f10x_tim.o
    0x0800278e   0x0800278e   0x00000002   PAD
    0x08002790   0x08002790   0x00000098   Code   RO         3327    i.TIM_OC1Init       stm32f10x_tim.o
    0x08002828   0x08002828   0x00000012   Code   RO         3330    i.TIM_OC1PreloadConfig  stm32f10x_tim.o
    0x0800283a   0x0800283a   0x00000002   PAD
    0x0800283c   0x0800283c   0x000000a4   Code   RO         3332    i.TIM_OC2Init       stm32f10x_tim.o
    0x080028e0   0x080028e0   0x0000001a   Code   RO         3335    i.TIM_OC2PreloadConfig  stm32f10x_tim.o
    0x080028fa   0x080028fa   0x00000002   PAD
    0x080028fc   0x080028fc   0x000000a0   Code   RO         3337    i.TIM_OC3Init       stm32f10x_tim.o
    0x0800299c   0x0800299c   0x00000012   Code   RO         3340    i.TIM_OC3PreloadConfig  stm32f10x_tim.o
    0x080029ae   0x080029ae   0x00000002   PAD
    0x080029b0   0x080029b0   0x0000007c   Code   RO         3342    i.TIM_OC4Init       stm32f10x_tim.o
    0x08002a2c   0x08002a2c   0x0000001a   Code   RO         3344    i.TIM_OC4PreloadConfig  stm32f10x_tim.o
    0x08002a46   0x08002a46   0x00000002   PAD
    0x08002a48   0x08002a48   0x000000a4   Code   RO         3369    i.TIM_TimeBaseInit  stm32f10x_tim.o
    0x08002aec   0x08002aec   0x000000a0   Code   RO          578    i.USART1_Config     usart.o
    0x08002b8c   0x08002b8c   0x0000009c   Code   RO          356    i.USART1_IRQHandler  remote.o
    0x08002c28   0x08002c28   0x000000a0   Code   RO          580    i.USART3_Config     usart.o
    0x08002cc8   0x08002cc8   0x00000104   Code   RO          169    i.USART3_IRQHandler  ano_dt.o
    0x08002dcc   0x08002dcc   0x00000030   Code   RO          581    i.USART3_SendByte   usart.o
    0x08002dfc   0x08002dfc   0x0000001e   Code   RO         3834    i.USART_ClearITPendingBit  stm32f10x_usart.o
    0x08002e1a   0x08002e1a   0x00000018   Code   RO         3837    i.USART_Cmd         stm32f10x_usart.o
    0x08002e32   0x08002e32   0x0000001a   Code   RO         3840    i.USART_GetFlagStatus  stm32f10x_usart.o
    0x08002e4c   0x08002e4c   0x00000054   Code   RO         3841    i.USART_GetITStatus  stm32f10x_usart.o
    0x08002ea0   0x08002ea0   0x0000004a   Code   RO         3843    i.USART_ITConfig    stm32f10x_usart.o
    0x08002eea   0x08002eea   0x00000002   PAD
    0x08002eec   0x08002eec   0x000000d8   Code   RO         3844    i.USART_Init        stm32f10x_usart.o
    0x08002fc4   0x08002fc4   0x0000000a   Code   RO         3851    i.USART_ReceiveData  stm32f10x_usart.o
    0x08002fce   0x08002fce   0x00000008   Code   RO         3854    i.USART_SendData    stm32f10x_usart.o
    0x08002fd6   0x08002fd6   0x00000004   Code   RO          399    i.UsageFault_Handler  stm32f10x_it.o
    0x08002fda   0x08002fda   0x00000002   PAD
    0x08002fdc   0x08002fdc   0x00000020   Code   RO         4153    i.__0printf$1       mc_w.l(printf1.o)
    0x08002ffc   0x08002ffc   0x00000028   Code   RO         4417    i.__ARM_fpclassify  m_ws.l(fpclassify.o)
    0x08003024   0x08003024   0x000000aa   Code   RO         4435    i.__kernel_poly     m_ws.l(poly.o)
    0x080030ce   0x080030ce   0x00000006   Code   RO         4404    i.__mathlib_dbl_infnan  m_ws.l(dunder.o)
    0x080030d4   0x080030d4   0x00000004   Code   RO         4405    i.__mathlib_dbl_infnan2  m_ws.l(dunder.o)
    0x080030d8   0x080030d8   0x0000000c   Code   RO         4406    i.__mathlib_dbl_invalid  m_ws.l(dunder.o)
    0x080030e4   0x080030e4   0x00000010   Code   RO         4409    i.__mathlib_dbl_underflow  m_ws.l(dunder.o)
    0x080030f4   0x080030f4   0x0000000e   Code   RO         4511    i.__scatterload_copy  mc_w.l(handlers.o)
    0x08003102   0x08003102   0x00000002   Code   RO         4512    i.__scatterload_null  mc_w.l(handlers.o)
    0x08003104   0x08003104   0x0000000e   Code   RO         4513    i.__scatterload_zeroinit  mc_w.l(handlers.o)
    0x08003112   0x08003112   0x00000002   PAD
    0x08003114   0x08003114   0x0000000c   Code   RO         4479    i.__set_errno       mc_w.l(errno.o)
    0x08003120   0x08003120   0x00000154   Code   RO         4160    i._printf_core      mc_w.l(printf1.o)
    0x08003274   0x08003274   0x00000270   Code   RO         4074    i.asin              m_ws.l(asin.o)
    0x080034e4   0x080034e4   0x00000220   Code   RO         4394    i.atan              m_ws.l(atan.o)
    0x08003704   0x08003704   0x00000180   Code   RO         4092    i.atan2             m_ws.l(atan2.o)
    0x08003884   0x08003884   0x00000038   Code   RO          454    i.delay_init        delay.o
    0x080038bc   0x080038bc   0x0000003c   Code   RO          455    i.delay_ms          delay.o
    0x080038f8   0x080038f8   0x00000024   Code   RO          582    i.fputc             usart.o
    0x0800391c   0x0800391c   0x00000058   Code   RO          777    i.kalman_1          kalman.o
    0x08003974   0x08003974   0x00000040   Code   RO            2    i.main              main.o
    0x080039b4   0x080039b4   0x0000002c   Code   RO          940    i.pidRest           pid.o
    0x080039e0   0x080039e0   0x0000006a   Code   RO          941    i.pidUpdate         pid.o
    0x08003a4a   0x08003a4a   0x00000002   PAD
    0x08003a4c   0x08003a4c   0x00000068   Code   RO            3    i.pid_param_Init    main.o
    0x08003ab4   0x08003ab4   0x000000a8   Code   RO          357    i.remote_unlock     remote.o
    0x08003b5c   0x08003b5c   0x0000004c   Code   RO         4439    i.sqrt              m_ws.l(sqrt.o)
    0x08003ba8   0x08003ba8   0x00000018   Data   RO          858    .constdata          mymath.o
    0x08003bc0   0x08003bc0   0x00000050   Data   RO         4075    .constdata          m_ws.l(asin.o)
    0x08003c10   0x08003c10   0x00000098   Data   RO         4395    .constdata          m_ws.l(atan.o)
    0x08003ca8   0x08003ca8   0x00000008   Data   RO         4437    .constdata          m_ws.l(qnan.o)
    0x08003cb0   0x08003cb0   0x00000020   Data   RO         4509    Region$$Table       anon$$obj.o


    Execution Region RW_IRAM1 (Exec base: 0x20000000, Load base: 0x08003cd0, Size: 0x00000728, Max: 0x00005000, ABSOLUTE)

    Exec Addr    Load Addr    Size         Type   Attr      Idx    E Section Name        Object

    0x20000000   0x08003cd0   0x0000000c   Data   RW            5    .data               main.o
    0x2000000c   0x08003cdc   0x0000000a   Data   RW          171    .data               ano_dt.o
    0x20000016   0x08003ce6   0x00000002   PAD
    0x20000018   0x08003ce8   0x0000002a   Data   RW          273    .data               control.o
    0x20000042   0x08003d12   0x00000008   Data   RW          359    .data               remote.o
    0x2000004a   0x08003d1a   0x00000004   Data   RW          457    .data               delay.o
    0x2000004e   0x08003d1e   0x00000002   PAD
    0x20000050   0x08003d20   0x00000008   Data   RW          619    .data               led.o
    0x20000058   0x08003d28   0x0000004c   Data   RW          650    .data               mpu6050.o
    0x200000a4   0x08003d74   0x0000001c   Data   RW          756    .data               imu.o
    0x200000c0   0x08003d90   0x00000014   Data   RW         2682    .data               stm32f10x_rcc.o
    0x200000d4   0x08003da4   0x00000004   Data   RW         4468    .data               mc_w.l(stdout.o)
    0x200000d8   0x08003da8   0x00000004   Data   RW         4480    .data               mc_w.l(errno.o)
    0x200000dc        -       0x000001cc   Zero   RW            4    .bss                main.o
    0x200002a8        -       0x0000004f   Zero   RW          170    .bss                ano_dt.o
    0x200002f7        -       0x00000009   Zero   RW          358    .bss                remote.o
    0x20000300        -       0x00000018   Zero   RW          649    .bss                mpu6050.o
    0x20000318        -       0x0000000c   Zero   RW          755    .bss                imu.o
    0x20000324   0x08003dac   0x00000004   PAD
    0x20000328        -       0x00000400   Zero   RW          966    STACK               startup_stm32f10x_md.o


==============================================================================

Image component sizes


      Code (inc. data)   RO Data    RW Data    ZI Data      Debug   Object Name

       480         34          0         10         79       4620   ano_dt.o
       964         82          0         42          0       3641   control.o
       116         12          0          4          0       1040   delay.o
      1616         38          0          0          0       7205   i2c.o
      1868         50          0         28         12       1627   imu.o
        88          0          0          0          0       1479   kalman.o
       348         32          0          8          0       4231   led.o
       252         62          0         12        460     256606   main.o
       132         22          0          0          0       2983   misc.o
       692         42          0         76         24       3746   mpu6050.o
        80          6         24          0          0        893   mymath.o
       150          0          0          0          0       1330   pid.o
       688        102          0          8          9       2419   remote.o
        36          8        236          0       1024        796   startup_stm32f10x_md.o
       278          0          0          0          0      10140   stm32f10x_gpio.o
        26          0          0          0          0       3550   stm32f10x_it.o
       276         32          0         20          0      12850   stm32f10x_rcc.o
       958         92          0          0          0      28749   stm32f10x_tim.o
       472          6          0          0          0      12267   stm32f10x_usart.o
       328         28          0          0          0       1741   system_stm32f10x.o
       300         12          0          0          0       1132   tim.o
       404         28          0          0          0       2690   usart.o

    ----------------------------------------------------------------------
     10580        688        292        212       1612     365735   Object Totals
         0          0         32          0          0          0   (incl. Generated)
        28          0          0          4          4          0   (incl. Padding)

    ----------------------------------------------------------------------

      Code (inc. data)   RO Data    RW Data    ZI Data      Debug   Library Member Name

       624         52         80          0          0        168   asin.o
       544         70        152          0          0        124   atan.o
       384         38          0          0          0        144   atan2.o
        38          6          0          0          0        272   dunder.o
        40          0          0          0          0         68   fpclassify.o
       170          0          0          0          0         96   poly.o
         0          0          8          0          0          0   qnan.o
        76          0          0          0          0         84   sqrt.o
         0          0          0          0          0          0   entry.o
         0          0          0          0          0          0   entry10a.o
         0          0          0          0          0          0   entry11a.o
         8          4          0          0          0          0   entry2.o
         4          0          0          0          0          0   entry5.o
         0          0          0          0          0          0   entry7b.o
         0          0          0          0          0          0   entry8b.o
         8          4          0          0          0          0   entry9a.o
        12          6          0          4          0         68   errno.o
        30          0          0          0          0          0   handlers.o
        36          8          0          0          0         68   init.o
         0          0          0          0          0          0   iusefp.o
        30          0          0          0          0         68   llshl.o
        36          0          0          0          0         68   llsshr.o
        32          0          0          0          0         68   llushr.o
        36          0          0          0          0         68   memcpya.o
        36          0          0          0          0        108   memseta.o
       372         14          0          0          0        184   printf1.o
         0          0          0          4          0          0   stdout.o
        44          0          0          0          0         80   uidiv.o
        20          0          0          0          0         68   cfcmple.o
        20          0          0          0          0         68   cfrcmple.o
        56          0          0          0          0         88   d2f.o
       334          0          0          0          0        148   dadd.o
       222          0          0          0          0        100   ddiv.o
       186          0          0          0          0        176   depilogue.o
       228          0          0          0          0         96   dmul.o
        46          0          0          0          0         80   dscalb.o
       162          0          0          0          0        100   dsqrt.o
        38          0          0          0          0         68   f2d.o
       176          0          0          0          0        140   fadd.o
       124          0          0          0          0         88   fdiv.o
       110          0          0          0          0        168   fepilogue.o
        50          0          0          0          0         68   ffixi.o
        18          0          0          0          0         68   fflti.o
       100          0          0          0          0         76   fmul.o

    ----------------------------------------------------------------------
      4456        202        240          8          0       3336   Library Totals
         6          0          0          0          0          0   (incl. Padding)

    ----------------------------------------------------------------------

      Code (inc. data)   RO Data    RW Data    ZI Data      Debug   Library Name

      1876        166        240          0          0        956   m_ws.l
       684         36          0          8          0        780   mc_w.l
      1890          0          0          0          0       1600   mf_w.l

    ----------------------------------------------------------------------
      4456        202        240          8          0       3336   Library Totals

    ----------------------------------------------------------------------

==============================================================================


      Code (inc. data)   RO Data    RW Data    ZI Data      Debug   

     15036        890        532        220       1612     363555   Grand Totals
     15036        890        532        220       1612     363555   ELF Image Totals
     15036        890        532        220          0          0   ROM Totals

==============================================================================

    Total RO  Size (Code + RO Data)                15568 (  15.20kB)
    Total RW  Size (RW Data + ZI Data)              1832 (   1.79kB)
    Total ROM Size (Code + RO Data + RW Data)      15788 (  15.42kB)

==============================================================================

